#
# A fatal error has been detected by the Java Runtime Environment:
#
#  SIGSEGV (0xb) at pc=0x00007ff817a9c15b, pid=39188, tid=58375
#
# JRE version: OpenJDK Runtime Environment (23.0.1+11) (build 23.0.1+11-39)
# Java VM: OpenJDK 64-Bit Server VM (23.0.1+11-39, mixed mode, sharing, tiered, compressed oops, compressed class ptrs, g1 gc, bsd-amd64)
# Problematic frame:
# C  [CoreVideo+0x215b]  CVHWTime::update(double, bool*, bool*)+0x41
#
# No core dump will be written. Core dumps have been disabled. To enable core dumping, try "ulimit -c unlimited" before starting Java again
#
# If you would like to submit a bug report, please visit:
#   https://bugreport.java.com/bugreport/crash.jsp
#

---------------  S U M M A R Y ------------

Command Line: Lab09.Driver09

Host: "MacBookPro11,4" x86_64 2200 MHz, 8 cores, 16G, Darwin 21.6.0, macOS 12.7.6 (21H1320)
Time: Mon Apr 21 23:46:17 2025 CST elapsed time: 298.227033 seconds (0d 0h 4m 58s)

---------------  T H R E A D  ---------------

Current thread is native thread

Stack: [0x0000700009e2f000,0x0000700009eaf000],  sp=0x0000700009eaed20,  free space=511k
Native frames: (J=compiled Java code, j=interpreted, Vv=VM code, C=native code)
C  [CoreVideo+0x215b]  CVHWTime::update(double, bool*, bool*)+0x41
C  [CoreVideo+0x1f9a]  CVXTime::update()+0x30
C  [CoreVideo+0x1c94]  CVDisplayLink::runIOThread()+0xc6
C  [libsystem_pthread.dylib+0x64e1]  _pthread_start+0x7d
C  [libsystem_pthread.dylib+0x1f6b]  thread_start+0xf

siginfo: si_signo: 11 (SIGSEGV), si_code: 1 (SEGV_MAPERR), si_addr: 0x00000000000000b0

Registers:
RAX=0x0000000000000000, RBX=0x00006000014feb58, RCX=0x0000700009eaed88, RDX=0x0000700009eaed70
RSP=0x0000700009eaed20, RBP=0x0000700009eaedc0, RSI=0x0000700009eaed90, RDI=0x00007fb6761007fb
R8 =0x000000000000e307, R9 =0x0000000000000000, R10=0x000000000000002c, R11=0x0000000000000206
R12=0x0000000000000000, R13=0x0000700009eaed90, R14=0x0000700009eaed70, R15=0x0000700009eaedf6
RIP=0x00007ff817a9c15b, EFLAGS=0x0000000000010246, ERR=0x0000000000000004
  TRAPNO=0x000000000000000e


Top of Stack: (sp=0x0000700009eaed20)
0x0000700009eaed20:   000000000000e307 0000000000000000
0x0000700009eaed30:   00006000014feb50 0000000000000016
0x0000700009eaed40:   000000000000e307 0000000000000000
0x0000700009eaed50:   0000700009eaeda8 000000000000e407
0x0000700009eaed60:   0000700009eaee00 00007ff8101bd522
0x0000700009eaed70:   0000000000000000 0000700009eaedf7
0x0000700009eaed80:   0000000000000000 0000e30700000000
0x0000700009eaed90:   00000e8500000000 00006000014feb50
0x0000700009eaeda0:   0000000000000000 0000000000000000
0x0000700009eaedb0:   000000000000e407 0000000000000000
0x0000700009eaedc0:   0000700009eaee20 00007ff817a9bf9a
0x0000700009eaedd0:   00006000014feb58 0000000000000000
0x0000700009eaede0:   0000700009eaee00 00007ff817a9b5ed
0x0000700009eaedf0:   00006000014feb50 00007fb676102e20
0x0000700009eaee00:   0000000000000000 0000000000000000
0x0000700009eaee10:   000000000000e407 0000000000000000
0x0000700009eaee20:   0000700009eaefb0 00007ff817a9bc94
0x0000700009eaee30:   0000000000000017 0000000000000000
0x0000700009eaee40:   0000000000000000 0000000000000000
0x0000700009eaee50:   0000000000000000 0000000000000000
0x0000700009eaee60:   0000000000000000 0000000000000000
0x0000700009eaee70:   0000000000000000 0000000000000000
0x0000700009eaee80:   0000000000000000 00007fb676102e38
0x0000700009eaee90:   0000000000000000 0000000201404410
0x0000700009eaeea0:   0000991400000000 000001f500009913
0x0000700009eaeeb0:   000001f500000014 000001f500000014
0x0000700009eaeec0:   0000000000000014 75725f006176616a
0x0000700009eaeed0:   000000007265006e 75725f006176616a
0x0000700009eaeee0:   000000007265006e 0000000000000000
0x0000700009eaeef0:   0000000000000000 0000991400000019
0x0000700009eaef00:   ffffffff00000001 0000000000000000
0x0000700009eaef10:   00000000680621ac 000000000005da2c 

Instructions: (pc=0x00007ff817a9c15b)
0x00007ff817a9c05b:   04 00 66 0f 7c c0 44 89 f0 2b 43 38 f2 48 0f 2a
0x00007ff817a9c06b:   c8 f2 0f 11 4d c8 f2 0f 5e c1 66 0f 29 45 b0 48
0x00007ff817a9c07b:   89 df e8 ea 0d 00 00 f2 0f 10 4b 48 f2 0f 10 55
0x00007ff817a9c08b:   c8 f2 0f 59 d1 66 0f 3a 0b d2 09 f2 48 0f 2c c2
0x00007ff817a9c09b:   48 89 c1 48 c1 f9 3f f2 0f 5c 15 9e dc 04 00 f2
0x00007ff817a9c0ab:   48 0f 2c d2 48 21 ca 48 09 c2 48 03 53 58 44 89
0x00007ff817a9c0bb:   73 50 f2 0f 5c c1 f2 0f 59 05 e7 dc 04 00 49 29
0x00007ff817a9c0cb:   d7 4d 89 f8 49 c1 e8 3f 4d 01 f8 49 d1 f8 f2 0f
0x00007ff817a9c0db:   58 c1 f2 0f 11 43 48 49 01 d0 4c 89 43 58 48 8d
0x00007ff817a9c0eb:   35 5d cf 04 00 bf 05 00 00 00 48 89 da 44 89 f1
0x00007ff817a9c0fb:   66 0f 28 4d b0 b0 02 e8 27 db 01 00 8a 45 d7 48
0x00007ff817a9c10b:   83 c4 28 5b 41 5c 41 5d 41 5e 41 5f 5d c3 90 55
0x00007ff817a9c11b:   48 89 e5 41 57 41 56 41 55 41 54 53 48 83 ec 78
0x00007ff817a9c12b:   49 89 f7 f2 0f 11 45 c0 48 89 fb 45 31 e4 44 88
0x00007ff817a9c13b:   26 48 89 55 b8 44 88 22 48 8b 3f 48 8b 07 4c 8d
0x00007ff817a9c14b:   6d d0 4c 8d 75 b0 48 8d 4d c8 4c 89 ee 4c 89 f2
0x00007ff817a9c15b:   ff 90 b0 00 00 00 4d 8b 55 00 4c 8b 4b 20 4c 89
0x00007ff817a9c16b:   c8 4c 29 d0 48 f7 d8 4c 89 cf 4c 29 d7 48 0f 42
0x00007ff817a9c17b:   f8 49 8b 0e 48 85 c9 74 11 48 89 c8 48 d1 e8 48
0x00007ff817a9c18b:   01 f8 31 d2 48 f7 f1 49 89 c4 f2 0f 10 45 c0 8b
0x00007ff817a9c19b:   43 38 49 8d 14 04 48 89 55 c8 f2 48 0f 2c c8 4c
0x00007ff817a9c1ab:   8b 43 28 0f 10 43 10 44 8b 5b 30 44 8b 73 34 48
0x00007ff817a9c1bb:   8b 73 08 4c 89 64 24 48 48 89 7c 24 40 48 89 74
0x00007ff817a9c1cb:   24 38 4c 89 74 24 30 4c 89 5c 24 28 48 89 54 24
0x00007ff817a9c1db:   20 48 89 44 24 18 0f 11 44 24 08 4c 89 14 24 48
0x00007ff817a9c1eb:   8d 35 69 d5 04 00 bf 04 00 00 00 48 89 da 31 c0
0x00007ff817a9c1fb:   e8 2e da 01 00 48 83 7b 28 00 48 8b 75 c8 8b 7b
0x00007ff817a9c20b:   38 74 64 4c 8b 45 d0 48 8b 43 20 48 39 fe 4c 8b
0x00007ff817a9c21b:   75 b8 75 05 49 39 c0 74 7a 41 c6 07 01 48 89 f1
0x00007ff817a9c22b:   48 29 f9 76 31 48 89 c2 4c 29 c2 48 f7 da 4c 29
0x00007ff817a9c23b:   c0 48 0f 42 c2 31 d2 48 f7 f1 48 8b 4b 08 48 89
0x00007ff817a9c24b:   c2 48 29 ca 48 f7 da 48 29 c8 48 0f 42 c2 48 d1 



---------------  P R O C E S S  ---------------

VM state: not at safepoint (normal execution)

VM Mutex/Monitor currently owned by a thread: None

Heap address: 0x0000000700000000, size: 4096 MB, Compressed Oops mode: Zero based, Oop shift amount: 3

CDS archive(s) mapped at: [0x000000012b000000-0x000000012bd94000-0x000000012bd94000), size 14237696, SharedBaseAddress: 0x000000012b000000, ArchiveRelocationMode: 1.
Compressed class space mapped at: 0x000000012c000000-0x000000016c000000, reserved size: 1073741824
Narrow klass base: 0x000000012b000000, Narrow klass shift: 0, Narrow klass range: 0x100000000

GC Precious Log:
<Skipped>

Heap:
 garbage-first heap   total reserved 4194304K, committed 264192K, used 36125K [0x0000000700000000, 0x0000000800000000)
  region size 2048K, 16 young (32768K), 1 survivors (2048K)
 Metaspace       used 6687K, committed 6848K, reserved 1114112K
  class space    used 743K, committed 832K, reserved 1048576K

Heap Regions: E=young(eden), S=young(survivor), O=old, HS=humongous(starts), HC=humongous(continues), CS=collection set, F=free, TAMS=top-at-mark-start, PB=parsable bottom
|   0|0x0000000700000000, 0x0000000700200000, 0x0000000700200000|100%|HS|  |TAMS 0x0000000700000000| PB 0x0000000700000000| Complete |  0
|   1|0x0000000700200000, 0x0000000700400000, 0x0000000700400000|100%|HS|  |TAMS 0x0000000700200000| PB 0x0000000700200000| Complete |  0
|   2|0x0000000700400000, 0x0000000700400000, 0x0000000700600000|  0%| F|  |TAMS 0x0000000700400000| PB 0x0000000700400000| Untracked |  0
|   3|0x0000000700600000, 0x0000000700600000, 0x0000000700800000|  0%| F|  |TAMS 0x0000000700600000| PB 0x0000000700600000| Untracked |  0
|   4|0x0000000700800000, 0x0000000700800000, 0x0000000700a00000|  0%| F|  |TAMS 0x0000000700800000| PB 0x0000000700800000| Untracked |  0
|   5|0x0000000700a00000, 0x0000000700a00000, 0x0000000700c00000|  0%| F|  |TAMS 0x0000000700a00000| PB 0x0000000700a00000| Untracked |  0
|   6|0x0000000700c00000, 0x0000000700c00000, 0x0000000700e00000|  0%| F|  |TAMS 0x0000000700c00000| PB 0x0000000700c00000| Untracked |  0
|   7|0x0000000700e00000, 0x0000000700e00000, 0x0000000701000000|  0%| F|  |TAMS 0x0000000700e00000| PB 0x0000000700e00000| Untracked |  0
|   8|0x0000000701000000, 0x0000000701000000, 0x0000000701200000|  0%| F|  |TAMS 0x0000000701000000| PB 0x0000000701000000| Untracked |  0
|   9|0x0000000701200000, 0x0000000701200000, 0x0000000701400000|  0%| F|  |TAMS 0x0000000701200000| PB 0x0000000701200000| Untracked |  0
|  10|0x0000000701400000, 0x0000000701400000, 0x0000000701600000|  0%| F|  |TAMS 0x0000000701400000| PB 0x0000000701400000| Untracked |  0
|  11|0x0000000701600000, 0x0000000701600000, 0x0000000701800000|  0%| F|  |TAMS 0x0000000701600000| PB 0x0000000701600000| Untracked |  0
|  12|0x0000000701800000, 0x0000000701800000, 0x0000000701a00000|  0%| F|  |TAMS 0x0000000701800000| PB 0x0000000701800000| Untracked |  0
|  13|0x0000000701a00000, 0x0000000701a00000, 0x0000000701c00000|  0%| F|  |TAMS 0x0000000701a00000| PB 0x0000000701a00000| Untracked |  0
|  14|0x0000000701c00000, 0x0000000701c00000, 0x0000000701e00000|  0%| F|  |TAMS 0x0000000701c00000| PB 0x0000000701c00000| Untracked |  0
|  15|0x0000000701e00000, 0x0000000701e00000, 0x0000000702000000|  0%| F|  |TAMS 0x0000000701e00000| PB 0x0000000701e00000| Untracked |  0
|  16|0x0000000702000000, 0x0000000702000000, 0x0000000702200000|  0%| F|  |TAMS 0x0000000702000000| PB 0x0000000702000000| Untracked |  0
|  17|0x0000000702200000, 0x0000000702200000, 0x0000000702400000|  0%| F|  |TAMS 0x0000000702200000| PB 0x0000000702200000| Untracked |  0
|  18|0x0000000702400000, 0x0000000702400000, 0x0000000702600000|  0%| F|  |TAMS 0x0000000702400000| PB 0x0000000702400000| Untracked |  0
|  19|0x0000000702600000, 0x0000000702600000, 0x0000000702800000|  0%| F|  |TAMS 0x0000000702600000| PB 0x0000000702600000| Untracked |  0
|  20|0x0000000702800000, 0x0000000702800000, 0x0000000702a00000|  0%| F|  |TAMS 0x0000000702800000| PB 0x0000000702800000| Untracked |  0
|  21|0x0000000702a00000, 0x0000000702a00000, 0x0000000702c00000|  0%| F|  |TAMS 0x0000000702a00000| PB 0x0000000702a00000| Untracked |  0
|  22|0x0000000702c00000, 0x0000000702c00000, 0x0000000702e00000|  0%| F|  |TAMS 0x0000000702c00000| PB 0x0000000702c00000| Untracked |  0
|  23|0x0000000702e00000, 0x0000000702e00000, 0x0000000703000000|  0%| F|  |TAMS 0x0000000702e00000| PB 0x0000000702e00000| Untracked |  0
|  24|0x0000000703000000, 0x0000000703000000, 0x0000000703200000|  0%| F|  |TAMS 0x0000000703000000| PB 0x0000000703000000| Untracked |  0
|  25|0x0000000703200000, 0x0000000703200000, 0x0000000703400000|  0%| F|  |TAMS 0x0000000703200000| PB 0x0000000703200000| Untracked |  0
|  26|0x0000000703400000, 0x0000000703400000, 0x0000000703600000|  0%| F|  |TAMS 0x0000000703400000| PB 0x0000000703400000| Untracked |  0
|  27|0x0000000703600000, 0x0000000703600000, 0x0000000703800000|  0%| F|  |TAMS 0x0000000703600000| PB 0x0000000703600000| Untracked |  0
|  28|0x0000000703800000, 0x0000000703800000, 0x0000000703a00000|  0%| F|  |TAMS 0x0000000703800000| PB 0x0000000703800000| Untracked |  0
|  29|0x0000000703a00000, 0x0000000703a00000, 0x0000000703c00000|  0%| F|  |TAMS 0x0000000703a00000| PB 0x0000000703a00000| Untracked |  0
|  30|0x0000000703c00000, 0x0000000703c00000, 0x0000000703e00000|  0%| F|  |TAMS 0x0000000703c00000| PB 0x0000000703c00000| Untracked |  0
|  31|0x0000000703e00000, 0x0000000703e00000, 0x0000000704000000|  0%| F|  |TAMS 0x0000000703e00000| PB 0x0000000703e00000| Untracked |  0
|  32|0x0000000704000000, 0x0000000704000000, 0x0000000704200000|  0%| F|  |TAMS 0x0000000704000000| PB 0x0000000704000000| Untracked |  0
|  33|0x0000000704200000, 0x0000000704200000, 0x0000000704400000|  0%| F|  |TAMS 0x0000000704200000| PB 0x0000000704200000| Untracked |  0
|  34|0x0000000704400000, 0x0000000704400000, 0x0000000704600000|  0%| F|  |TAMS 0x0000000704400000| PB 0x0000000704400000| Untracked |  0
|  35|0x0000000704600000, 0x0000000704600000, 0x0000000704800000|  0%| F|  |TAMS 0x0000000704600000| PB 0x0000000704600000| Untracked |  0
|  36|0x0000000704800000, 0x0000000704800000, 0x0000000704a00000|  0%| F|  |TAMS 0x0000000704800000| PB 0x0000000704800000| Untracked |  0
|  37|0x0000000704a00000, 0x0000000704a00000, 0x0000000704c00000|  0%| F|  |TAMS 0x0000000704a00000| PB 0x0000000704a00000| Untracked |  0
|  38|0x0000000704c00000, 0x0000000704c00000, 0x0000000704e00000|  0%| F|  |TAMS 0x0000000704c00000| PB 0x0000000704c00000| Untracked |  0
|  39|0x0000000704e00000, 0x0000000704e00000, 0x0000000705000000|  0%| F|  |TAMS 0x0000000704e00000| PB 0x0000000704e00000| Untracked |  0
|  40|0x0000000705000000, 0x0000000705000000, 0x0000000705200000|  0%| F|  |TAMS 0x0000000705000000| PB 0x0000000705000000| Untracked |  0
|  41|0x0000000705200000, 0x0000000705200000, 0x0000000705400000|  0%| F|  |TAMS 0x0000000705200000| PB 0x0000000705200000| Untracked |  0
|  42|0x0000000705400000, 0x0000000705400000, 0x0000000705600000|  0%| F|  |TAMS 0x0000000705400000| PB 0x0000000705400000| Untracked |  0
|  43|0x0000000705600000, 0x0000000705600000, 0x0000000705800000|  0%| F|  |TAMS 0x0000000705600000| PB 0x0000000705600000| Untracked |  0
|  44|0x0000000705800000, 0x0000000705800000, 0x0000000705a00000|  0%| F|  |TAMS 0x0000000705800000| PB 0x0000000705800000| Untracked |  0
|  45|0x0000000705a00000, 0x0000000705a00000, 0x0000000705c00000|  0%| F|  |TAMS 0x0000000705a00000| PB 0x0000000705a00000| Untracked |  0
|  46|0x0000000705c00000, 0x0000000705c00000, 0x0000000705e00000|  0%| F|  |TAMS 0x0000000705c00000| PB 0x0000000705c00000| Untracked |  0
|  47|0x0000000705e00000, 0x0000000705e00000, 0x0000000706000000|  0%| F|  |TAMS 0x0000000705e00000| PB 0x0000000705e00000| Untracked |  0
|  48|0x0000000706000000, 0x0000000706000000, 0x0000000706200000|  0%| F|  |TAMS 0x0000000706000000| PB 0x0000000706000000| Untracked |  0
|  49|0x0000000706200000, 0x0000000706200000, 0x0000000706400000|  0%| F|  |TAMS 0x0000000706200000| PB 0x0000000706200000| Untracked |  0
|  50|0x0000000706400000, 0x0000000706400000, 0x0000000706600000|  0%| F|  |TAMS 0x0000000706400000| PB 0x0000000706400000| Untracked |  0
|  51|0x0000000706600000, 0x0000000706600000, 0x0000000706800000|  0%| F|  |TAMS 0x0000000706600000| PB 0x0000000706600000| Untracked |  0
|  52|0x0000000706800000, 0x0000000706800000, 0x0000000706a00000|  0%| F|  |TAMS 0x0000000706800000| PB 0x0000000706800000| Untracked |  0
|  53|0x0000000706a00000, 0x0000000706a00000, 0x0000000706c00000|  0%| F|  |TAMS 0x0000000706a00000| PB 0x0000000706a00000| Untracked |  0
|  54|0x0000000706c00000, 0x0000000706c00000, 0x0000000706e00000|  0%| F|  |TAMS 0x0000000706c00000| PB 0x0000000706c00000| Untracked |  0
|  55|0x0000000706e00000, 0x0000000706e00000, 0x0000000707000000|  0%| F|  |TAMS 0x0000000706e00000| PB 0x0000000706e00000| Untracked |  0
|  56|0x0000000707000000, 0x0000000707000000, 0x0000000707200000|  0%| F|  |TAMS 0x0000000707000000| PB 0x0000000707000000| Untracked |  0
|  57|0x0000000707200000, 0x0000000707200000, 0x0000000707400000|  0%| F|  |TAMS 0x0000000707200000| PB 0x0000000707200000| Untracked |  0
|  58|0x0000000707400000, 0x0000000707400000, 0x0000000707600000|  0%| F|  |TAMS 0x0000000707400000| PB 0x0000000707400000| Untracked |  0
|  59|0x0000000707600000, 0x0000000707600000, 0x0000000707800000|  0%| F|  |TAMS 0x0000000707600000| PB 0x0000000707600000| Untracked |  0
|  60|0x0000000707800000, 0x0000000707800000, 0x0000000707a00000|  0%| F|  |TAMS 0x0000000707800000| PB 0x0000000707800000| Untracked |  0
|  61|0x0000000707a00000, 0x0000000707a00000, 0x0000000707c00000|  0%| F|  |TAMS 0x0000000707a00000| PB 0x0000000707a00000| Untracked |  0
|  62|0x0000000707c00000, 0x0000000707c00000, 0x0000000707e00000|  0%| F|  |TAMS 0x0000000707c00000| PB 0x0000000707c00000| Untracked |  0
|  63|0x0000000707e00000, 0x0000000707e00000, 0x0000000708000000|  0%| F|  |TAMS 0x0000000707e00000| PB 0x0000000707e00000| Untracked |  0
|  64|0x0000000708000000, 0x0000000708000000, 0x0000000708200000|  0%| F|  |TAMS 0x0000000708000000| PB 0x0000000708000000| Untracked |  0
|  65|0x0000000708200000, 0x0000000708200000, 0x0000000708400000|  0%| F|  |TAMS 0x0000000708200000| PB 0x0000000708200000| Untracked |  0
|  66|0x0000000708400000, 0x0000000708400000, 0x0000000708600000|  0%| F|  |TAMS 0x0000000708400000| PB 0x0000000708400000| Untracked |  0
|  67|0x0000000708600000, 0x0000000708600000, 0x0000000708800000|  0%| F|  |TAMS 0x0000000708600000| PB 0x0000000708600000| Untracked |  0
|  68|0x0000000708800000, 0x0000000708800000, 0x0000000708a00000|  0%| F|  |TAMS 0x0000000708800000| PB 0x0000000708800000| Untracked |  0
|  69|0x0000000708a00000, 0x0000000708a00000, 0x0000000708c00000|  0%| F|  |TAMS 0x0000000708a00000| PB 0x0000000708a00000| Untracked |  0
|  70|0x0000000708c00000, 0x0000000708c00000, 0x0000000708e00000|  0%| F|  |TAMS 0x0000000708c00000| PB 0x0000000708c00000| Untracked |  0
|  71|0x0000000708e00000, 0x0000000708e00000, 0x0000000709000000|  0%| F|  |TAMS 0x0000000708e00000| PB 0x0000000708e00000| Untracked |  0
|  72|0x0000000709000000, 0x0000000709000000, 0x0000000709200000|  0%| F|  |TAMS 0x0000000709000000| PB 0x0000000709000000| Untracked |  0
|  73|0x0000000709200000, 0x0000000709200000, 0x0000000709400000|  0%| F|  |TAMS 0x0000000709200000| PB 0x0000000709200000| Untracked |  0
|  74|0x0000000709400000, 0x0000000709400000, 0x0000000709600000|  0%| F|  |TAMS 0x0000000709400000| PB 0x0000000709400000| Untracked |  0
|  75|0x0000000709600000, 0x0000000709600000, 0x0000000709800000|  0%| F|  |TAMS 0x0000000709600000| PB 0x0000000709600000| Untracked |  0
|  76|0x0000000709800000, 0x0000000709800000, 0x0000000709a00000|  0%| F|  |TAMS 0x0000000709800000| PB 0x0000000709800000| Untracked |  0
|  77|0x0000000709a00000, 0x0000000709a00000, 0x0000000709c00000|  0%| F|  |TAMS 0x0000000709a00000| PB 0x0000000709a00000| Untracked |  0
|  78|0x0000000709c00000, 0x0000000709c00000, 0x0000000709e00000|  0%| F|  |TAMS 0x0000000709c00000| PB 0x0000000709c00000| Untracked |  0
|  79|0x0000000709e00000, 0x0000000709e00000, 0x000000070a000000|  0%| F|  |TAMS 0x0000000709e00000| PB 0x0000000709e00000| Untracked |  0
|  80|0x000000070a000000, 0x000000070a000000, 0x000000070a200000|  0%| F|  |TAMS 0x000000070a000000| PB 0x000000070a000000| Untracked |  0
|  81|0x000000070a200000, 0x000000070a200000, 0x000000070a400000|  0%| F|  |TAMS 0x000000070a200000| PB 0x000000070a200000| Untracked |  0
|  82|0x000000070a400000, 0x000000070a400000, 0x000000070a600000|  0%| F|  |TAMS 0x000000070a400000| PB 0x000000070a400000| Untracked |  0
|  83|0x000000070a600000, 0x000000070a600000, 0x000000070a800000|  0%| F|  |TAMS 0x000000070a600000| PB 0x000000070a600000| Untracked |  0
|  84|0x000000070a800000, 0x000000070a800000, 0x000000070aa00000|  0%| F|  |TAMS 0x000000070a800000| PB 0x000000070a800000| Untracked |  0
|  85|0x000000070aa00000, 0x000000070aa00000, 0x000000070ac00000|  0%| F|  |TAMS 0x000000070aa00000| PB 0x000000070aa00000| Untracked |  0
|  86|0x000000070ac00000, 0x000000070ac00000, 0x000000070ae00000|  0%| F|  |TAMS 0x000000070ac00000| PB 0x000000070ac00000| Untracked |  0
|  87|0x000000070ae00000, 0x000000070ae00000, 0x000000070b000000|  0%| F|  |TAMS 0x000000070ae00000| PB 0x000000070ae00000| Untracked |  0
|  88|0x000000070b000000, 0x000000070b12a410, 0x000000070b200000| 58%| S|CS|TAMS 0x000000070b000000| PB 0x000000070b000000| Complete |  0
|  89|0x000000070b200000, 0x000000070b200000, 0x000000070b400000|  0%| F|  |TAMS 0x000000070b200000| PB 0x000000070b200000| Untracked |  0
|  90|0x000000070b400000, 0x000000070b400000, 0x000000070b600000|  0%| F|  |TAMS 0x000000070b400000| PB 0x000000070b400000| Untracked |  0
|  91|0x000000070b600000, 0x000000070b600000, 0x000000070b800000|  0%| F|  |TAMS 0x000000070b600000| PB 0x000000070b600000| Untracked |  0
|  92|0x000000070b800000, 0x000000070b800000, 0x000000070ba00000|  0%| F|  |TAMS 0x000000070b800000| PB 0x000000070b800000| Untracked |  0
|  93|0x000000070ba00000, 0x000000070ba00000, 0x000000070bc00000|  0%| F|  |TAMS 0x000000070ba00000| PB 0x000000070ba00000| Untracked |  0
|  94|0x000000070bc00000, 0x000000070bc00000, 0x000000070be00000|  0%| F|  |TAMS 0x000000070bc00000| PB 0x000000070bc00000| Untracked |  0
|  95|0x000000070be00000, 0x000000070be00000, 0x000000070c000000|  0%| F|  |TAMS 0x000000070be00000| PB 0x000000070be00000| Untracked |  0
|  96|0x000000070c000000, 0x000000070c000000, 0x000000070c200000|  0%| F|  |TAMS 0x000000070c000000| PB 0x000000070c000000| Untracked |  0
|  97|0x000000070c200000, 0x000000070c200000, 0x000000070c400000|  0%| F|  |TAMS 0x000000070c200000| PB 0x000000070c200000| Untracked |  0
|  98|0x000000070c400000, 0x000000070c400000, 0x000000070c600000|  0%| F|  |TAMS 0x000000070c400000| PB 0x000000070c400000| Untracked |  0
|  99|0x000000070c600000, 0x000000070c600000, 0x000000070c800000|  0%| F|  |TAMS 0x000000070c600000| PB 0x000000070c600000| Untracked |  0
| 100|0x000000070c800000, 0x000000070c800000, 0x000000070ca00000|  0%| F|  |TAMS 0x000000070c800000| PB 0x000000070c800000| Untracked |  0
| 101|0x000000070ca00000, 0x000000070ca00000, 0x000000070cc00000|  0%| F|  |TAMS 0x000000070ca00000| PB 0x000000070ca00000| Untracked |  0
| 102|0x000000070cc00000, 0x000000070cc00000, 0x000000070ce00000|  0%| F|  |TAMS 0x000000070cc00000| PB 0x000000070cc00000| Untracked |  0
| 103|0x000000070ce00000, 0x000000070ce00000, 0x000000070d000000|  0%| F|  |TAMS 0x000000070ce00000| PB 0x000000070ce00000| Untracked |  0
| 104|0x000000070d000000, 0x000000070d000000, 0x000000070d200000|  0%| F|  |TAMS 0x000000070d000000| PB 0x000000070d000000| Untracked |  0
| 105|0x000000070d200000, 0x000000070d200000, 0x000000070d400000|  0%| F|  |TAMS 0x000000070d200000| PB 0x000000070d200000| Untracked |  0
| 106|0x000000070d400000, 0x000000070d400000, 0x000000070d600000|  0%| F|  |TAMS 0x000000070d400000| PB 0x000000070d400000| Untracked |  0
| 107|0x000000070d600000, 0x000000070d600000, 0x000000070d800000|  0%| F|  |TAMS 0x000000070d600000| PB 0x000000070d600000| Untracked |  0
| 108|0x000000070d800000, 0x000000070d800000, 0x000000070da00000|  0%| F|  |TAMS 0x000000070d800000| PB 0x000000070d800000| Untracked |  0
| 109|0x000000070da00000, 0x000000070da00000, 0x000000070dc00000|  0%| F|  |TAMS 0x000000070da00000| PB 0x000000070da00000| Untracked |  0
| 110|0x000000070dc00000, 0x000000070dc00000, 0x000000070de00000|  0%| F|  |TAMS 0x000000070dc00000| PB 0x000000070dc00000| Untracked |  0
| 111|0x000000070de00000, 0x000000070de00000, 0x000000070e000000|  0%| F|  |TAMS 0x000000070de00000| PB 0x000000070de00000| Untracked |  0
| 112|0x000000070e000000, 0x000000070e000000, 0x000000070e200000|  0%| F|  |TAMS 0x000000070e000000| PB 0x000000070e000000| Untracked |  0
| 113|0x000000070e200000, 0x000000070e300000, 0x000000070e400000| 50%| E|  |TAMS 0x000000070e200000| PB 0x000000070e200000| Complete |  1
| 114|0x000000070e400000, 0x000000070e600000, 0x000000070e600000|100%| E|CS|TAMS 0x000000070e400000| PB 0x000000070e400000| Complete |  0
| 115|0x000000070e600000, 0x000000070e800000, 0x000000070e800000|100%| E|CS|TAMS 0x000000070e600000| PB 0x000000070e600000| Complete |  0
| 116|0x000000070e800000, 0x000000070ea00000, 0x000000070ea00000|100%| E|CS|TAMS 0x000000070e800000| PB 0x000000070e800000| Complete |  0
| 117|0x000000070ea00000, 0x000000070ec00000, 0x000000070ec00000|100%| E|CS|TAMS 0x000000070ea00000| PB 0x000000070ea00000| Complete |  0
| 118|0x000000070ec00000, 0x000000070ee00000, 0x000000070ee00000|100%| E|CS|TAMS 0x000000070ec00000| PB 0x000000070ec00000| Complete |  0
| 119|0x000000070ee00000, 0x000000070f000000, 0x000000070f000000|100%| E|CS|TAMS 0x000000070ee00000| PB 0x000000070ee00000| Complete |  0
| 120|0x000000070f000000, 0x000000070f200000, 0x000000070f200000|100%| E|CS|TAMS 0x000000070f000000| PB 0x000000070f000000| Complete |  0
| 121|0x000000070f200000, 0x000000070f400000, 0x000000070f400000|100%| E|CS|TAMS 0x000000070f200000| PB 0x000000070f200000| Complete |  0
| 122|0x000000070f400000, 0x000000070f600000, 0x000000070f600000|100%| E|CS|TAMS 0x000000070f400000| PB 0x000000070f400000| Complete |  0
| 123|0x000000070f600000, 0x000000070f800000, 0x000000070f800000|100%| E|CS|TAMS 0x000000070f600000| PB 0x000000070f600000| Complete |  0
| 124|0x000000070f800000, 0x000000070fa00000, 0x000000070fa00000|100%| E|CS|TAMS 0x000000070f800000| PB 0x000000070f800000| Complete |  0
| 125|0x000000070fa00000, 0x000000070fc00000, 0x000000070fc00000|100%| E|CS|TAMS 0x000000070fa00000| PB 0x000000070fa00000| Complete |  0
| 126|0x000000070fc00000, 0x000000070fe00000, 0x000000070fe00000|100%| E|CS|TAMS 0x000000070fc00000| PB 0x000000070fc00000| Complete |  0
| 127|0x000000070fe00000, 0x0000000710000000, 0x0000000710000000|100%| E|CS|TAMS 0x000000070fe00000| PB 0x000000070fe00000| Complete |  0
|2047|0x00000007ffe00000, 0x00000007fff1d0b0, 0x0000000800000000| 55%| O|  |TAMS 0x00000007ffe00000| PB 0x00000007ffe00000| Untracked |  0

Card table byte_map: [0x000000010b3f2000,0x000000010bbf2000] _byte_map_base: 0x0000000107bf2000

Marking Bits: (CMBitMap*) 0x00007fb67702da10
 Bits: [0x0000000126684000, 0x000000012a684000)

Polling page: 0x0000000108ef3000

Metaspace:

Usage:
  Non-class:      5.80 MB used.
      Class:    743.11 KB used.
       Both:      6.53 MB used.

Virtual space:
  Non-class space:       64.00 MB reserved,       5.88 MB (  9%) committed,  1 nodes.
      Class space:        1.00 GB reserved,     832.00 KB ( <1%) committed,  1 nodes.
             Both:        1.06 GB reserved,       6.69 MB ( <1%) committed. 

Chunk freelists:
   Non-Class:  10.06 MB
       Class:  15.21 MB
        Both:  25.28 MB

MaxMetaspaceSize: unlimited
CompressedClassSpaceSize: 1.00 GB
Initial GC threshold: 21.00 MB
Current GC threshold: 21.00 MB
CDS: on
 - commit_granule_bytes: 65536.
 - commit_granule_words: 8192.
 - virtual_space_node_default_size: 8388608.
 - enlarge_chunks_in_place: 1.
 - use_allocation_guard: 0.


Internal statistics:

num_allocs_failed_limit: 0.
num_arena_births: 168.
num_arena_deaths: 0.
num_vsnodes_births: 2.
num_vsnodes_deaths: 0.
num_space_committed: 107.
num_space_uncommitted: 0.
num_chunks_returned_to_freelist: 0.
num_chunks_taken_from_freelist: 200.
num_chunk_merges: 0.
num_chunk_splits: 129.
num_chunks_enlarged: 63.
num_inconsistent_stats: 0.

CodeHeap 'non-profiled nmethods': size=120032Kb used=840Kb max_used=840Kb free=119191Kb
 bounds [0x000000011f14c000, 0x000000011f3bc000, 0x0000000126684000]
CodeHeap 'profiled nmethods': size=120028Kb used=1745Kb max_used=1745Kb free=118282Kb
 bounds [0x0000000117684000, 0x00000001178f4000, 0x000000011ebbb000]
CodeHeap 'non-nmethods': size=5700Kb used=1523Kb max_used=1571Kb free=4176Kb
 bounds [0x000000011ebbb000, 0x000000011ee2b000, 0x000000011f14c000]
CodeCache: size=245760Kb, used=4108Kb, max_used=4156Kb, free=241649Kb
 total_blobs=2114, nmethods=1490, adapters=531, full_count=0
Compilation: enabled, stopped_count=0, restarted_count=0

Compilation events (20 events):
Event: 87.831 Thread 0x00007fb676016c00 1481       4       sun.java2d.pipe.DrawImage::scaleImage (84 bytes)
Event: 87.832 Thread 0x00007fb676016c00 nmethod 1481 0x000000011f215288 code [0x000000011f2153a0, 0x000000011f215530]
Event: 87.832 Thread 0x00007fb676016c00 1482   !   4       sun.java2d.metal.MTLBlitLoops::IsoBlit (206 bytes)
Event: 87.851 Thread 0x00007fb676016c00 nmethod 1482 0x000000011f215588 code [0x000000011f2157c0, 0x000000011f216f78]
Event: 89.462 Thread 0x00007fb676016c00 1483   !   4       sun.lwawt.macosx.CFRetainedResource::execute (53 bytes)
Event: 89.470 Thread 0x00007fb676016c00 nmethod 1483 0x000000011f217208 code [0x000000011f2173c0, 0x000000011f217ac0]
Event: 89.470 Thread 0x00007fb676016c00 1484       4       java.util.concurrent.locks.ReentrantReadWriteLock$ReadLock::unlock (10 bytes)
Event: 89.472 Thread 0x00007fb676016c00 nmethod 1484 0x000000011f217c08 code [0x000000011f217d60, 0x000000011f218090]
Event: 89.768 Thread 0x00007fb676016c00 1485   !   4       java.awt.EventQueue::getNextEvent (84 bytes)
Event: 89.834 Thread 0x00007fb676016c00 nmethod 1485 0x000000011f218188 code [0x000000011f218600, 0x000000011f21c168]
Event: 90.063 Thread 0x00007fb676016c00 1486   !   4       sun.java2d.metal.MTLLayer::drawInMTLContext (32 bytes)
Event: 90.075 Thread 0x00007fb676016c00 nmethod 1486 0x000000011f21c488 code [0x000000011f21c680, 0x000000011f21d340]
Event: 97.621 Thread 0x00007fb676016c00 1487       4       java.security.AccessControlContext::calculateFields (89 bytes)
Event: 97.622 Thread 0x00007fb676016c00 nmethod 1487 0x000000011f21d508 code [0x000000011f21d600, 0x000000011f21d6c8]
Event: 117.816 Thread 0x00007fb676016c00 1488   !   4       java.awt.EventQueue::postEventPrivate (104 bytes)
Event: 117.825 Thread 0x00007fb676016c00 nmethod 1488 0x000000011f21d808 code [0x000000011f21d9c0, 0x000000011f21e0d8]
Event: 171.938 Thread 0x00007fb6770bc400 1489 %s!   3       sun.java2d.metal.MTLRenderQueue$QueueFlusher::run @ 2 (234 bytes)
Event: 171.941 Thread 0x00007fb6770bc400 nmethod 1489% 0x0000000117833c08 code [0x0000000117833fc0, 0x0000000117836118]
Event: 174.881 Thread 0x00007fb6770bc400 1490  s!   3       sun.java2d.metal.MTLRenderQueue$QueueFlusher::run (234 bytes)
Event: 174.884 Thread 0x00007fb6770bc400 nmethod 1490 0x0000000117836208 code [0x00000001178365a0, 0x0000000117838590]

GC Heap History (8 events):
Event: 34.176 GC heap before
{Heap before GC invocations=0 (full 0):
 garbage-first heap   total reserved 4194304K, committed 264192K, used 29812K [0x0000000700000000, 0x0000000800000000)
  region size 2048K, 12 young (24576K), 0 survivors (0K)
 Metaspace       used 6640K, committed 6848K, reserved 1114112K
  class space    used 739K, committed 832K, reserved 1048576K
}
Event: 34.179 GC heap after
{Heap after GC invocations=1 (full 0):
 garbage-first heap   total reserved 4194304K, committed 264192K, used 6533K [0x0000000700000000, 0x0000000800000000)
  region size 2048K, 1 young (2048K), 1 survivors (2048K)
 Metaspace       used 6640K, committed 6848K, reserved 1114112K
  class space    used 739K, committed 832K, reserved 1048576K
}
Event: 67.336 GC heap before
{Heap before GC invocations=1 (full 0):
 garbage-first heap   total reserved 4194304K, committed 264192K, used 33157K [0x0000000700000000, 0x0000000800000000)
  region size 2048K, 14 young (28672K), 1 survivors (2048K)
 Metaspace       used 6681K, committed 6848K, reserved 1114112K
  class space    used 742K, committed 832K, reserved 1048576K
}
Event: 67.339 GC heap after
{Heap after GC invocations=2 (full 0):
 garbage-first heap   total reserved 4194304K, committed 264192K, used 6453K [0x0000000700000000, 0x0000000800000000)
  region size 2048K, 1 young (2048K), 1 survivors (2048K)
 Metaspace       used 6681K, committed 6848K, reserved 1114112K
  class space    used 742K, committed 832K, reserved 1048576K
}
Event: 142.487 GC heap before
{Heap before GC invocations=2 (full 0):
 garbage-first heap   total reserved 4194304K, committed 264192K, used 63797K [0x0000000700000000, 0x0000000800000000)
  region size 2048K, 29 young (59392K), 1 survivors (2048K)
 Metaspace       used 6683K, committed 6848K, reserved 1114112K
  class space    used 743K, committed 832K, reserved 1048576K
}
Event: 142.488 GC heap after
{Heap after GC invocations=3 (full 0):
 garbage-first heap   total reserved 4194304K, committed 264192K, used 6500K [0x0000000700000000, 0x0000000800000000)
  region size 2048K, 1 young (2048K), 1 survivors (2048K)
 Metaspace       used 6683K, committed 6848K, reserved 1114112K
  class space    used 743K, committed 832K, reserved 1048576K
}
Event: 244.920 GC heap before
{Heap before GC invocations=3 (full 0):
 garbage-first heap   total reserved 4194304K, committed 264192K, used 84324K [0x0000000700000000, 0x0000000800000000)
  region size 2048K, 39 young (79872K), 1 survivors (2048K)
 Metaspace       used 6687K, committed 6848K, reserved 1114112K
  class space    used 743K, committed 832K, reserved 1048576K
}
Event: 244.923 GC heap after
{Heap after GC invocations=4 (full 0):
 garbage-first heap   total reserved 4194304K, committed 264192K, used 6429K [0x0000000700000000, 0x0000000800000000)
  region size 2048K, 1 young (2048K), 1 survivors (2048K)
 Metaspace       used 6687K, committed 6848K, reserved 1114112K
  class space    used 743K, committed 832K, reserved 1048576K
}

Dll operation events (8 events):
Event: 0.006 Loaded shared library /Applications/jGRASP.app/Contents/Resources/jgrasp/bundled/java/Contents/Home/lib/libjava.dylib
Event: 0.054 Loaded shared library /Applications/jGRASP.app/Contents/Resources/jgrasp/bundled/java/Contents/Home/lib/libnio.dylib
Event: 0.055 Loaded shared library /Applications/jGRASP.app/Contents/Resources/jgrasp/bundled/java/Contents/Home/lib/libjimage.dylib
Event: 0.061 Loaded shared library /Applications/jGRASP.app/Contents/Resources/jgrasp/bundled/java/Contents/Home/lib/libzip.dylib
Event: 0.082 Loaded shared library /Applications/jGRASP.app/Contents/Resources/jgrasp/bundled/java/Contents/Home/lib/libawt.dylib
Event: 0.084 Loaded shared library /Applications/jGRASP.app/Contents/Resources/jgrasp/bundled/java/Contents/Home/lib/libawt_lwawt.dylib
Event: 0.116 Loaded shared library /Applications/jGRASP.app/Contents/Resources/jgrasp/bundled/java/Contents/Home/lib/libfontmanager.dylib
Event: 0.323 Loaded shared library /Applications/jGRASP.app/Contents/Resources/jgrasp/bundled/java/Contents/Home/lib/libosxui.dylib

Deoptimization events (20 events):
Event: 61.385 Thread 0x00007fb6760ff200 Uncommon trap: trap_request=0xffffff45 fr.pc=0x000000011f1a372c relative=0x000000000000008c
Event: 61.385 Thread 0x00007fb6760ff200 Uncommon trap: reason=unstable_if action=reinterpret pc=0x000000011f1a372c method=java.awt.EventQueue.eventToCacheIndex(Ljava/awt/AWTEvent;)I @ 71 c2
Event: 61.385 Thread 0x00007fb6760ff200 DEOPT PACKING pc=0x000000011f1a372c sp=0x000070000a33d560
Event: 61.385 Thread 0x00007fb6760ff200 DEOPT UNPACKING pc=0x000000011ec0ebf9 sp=0x000070000a33d520 mode 2
Event: 61.385 Thread 0x00007fb6760ff200 Uncommon trap: trap_request=0xffffff45 fr.pc=0x000000011f1db08c relative=0x00000000000022ac
Event: 61.385 Thread 0x00007fb6760ff200 Uncommon trap: reason=unstable_if action=reinterpret pc=0x000000011f1db08c method=java.awt.EventQueue.eventToCacheIndex(Ljava/awt/AWTEvent;)I @ 71 c2
Event: 61.385 Thread 0x00007fb6760ff200 DEOPT PACKING pc=0x000000011f1db08c sp=0x000070000a33d830
Event: 61.385 Thread 0x00007fb6760ff200 DEOPT UNPACKING pc=0x000000011ec0ebf9 sp=0x000070000a33d6f8 mode 2
Event: 61.393 Thread 0x00007fb6760ff200 Uncommon trap: trap_request=0xffffff45 fr.pc=0x000000011f1aa244 relative=0x0000000000000304
Event: 61.393 Thread 0x00007fb6760ff200 Uncommon trap: reason=unstable_if action=reinterpret pc=0x000000011f1aa244 method=java.awt.EventQueue.eventToCacheIndex(Ljava/awt/AWTEvent;)I @ 71 c2
Event: 61.393 Thread 0x00007fb6760ff200 DEOPT PACKING pc=0x000000011f1aa244 sp=0x000070000a33d800
Event: 61.393 Thread 0x00007fb6760ff200 DEOPT UNPACKING pc=0x000000011ec0ebf9 sp=0x000070000a33d6e8 mode 2
Event: 68.649 Thread 0x00007fb677008800 Uncommon trap: trap_request=0xffffff45 fr.pc=0x000000011f198fbc relative=0x000000000000043c
Event: 68.649 Thread 0x00007fb677008800 Uncommon trap: reason=unstable_if action=reinterpret pc=0x000000011f198fbc method=java.security.AccessControlContext.optimize()Ljava/security/AccessControlContext; @ 49 c2
Event: 68.649 Thread 0x00007fb677008800 DEOPT PACKING pc=0x000000011f198fbc sp=0x00007000089e6980
Event: 68.649 Thread 0x00007fb677008800 DEOPT UNPACKING pc=0x000000011ec0ebf9 sp=0x00007000089e68a0 mode 2
Event: 68.649 Thread 0x00007fb677008800 Uncommon trap: trap_request=0xffffff45 fr.pc=0x000000011f1c5ba4 relative=0x00000000000000a4
Event: 68.649 Thread 0x00007fb677008800 Uncommon trap: reason=unstable_if action=reinterpret pc=0x000000011f1c5ba4 method=java.security.AccessControlContext.calculateFields(Ljava/security/AccessControlContext;Ljava/security/AccessControlContext;[Ljava/security/Permission;)V @ 21 c2
Event: 68.649 Thread 0x00007fb677008800 DEOPT PACKING pc=0x000000011f1c5ba4 sp=0x00007000089e6850
Event: 68.649 Thread 0x00007fb677008800 DEOPT UNPACKING pc=0x000000011ec0ebf9 sp=0x00007000089e6808 mode 2

Classes loaded (20 events):
Event: 3.484 Loading class javax/swing/AbstractButton
Event: 3.485 Loading class java/awt/ItemSelectable
Event: 3.485 Loading class java/awt/ItemSelectable done
Event: 3.485 Loading class javax/swing/AbstractButton done
Event: 3.485 Loading class javax/swing/JMenuItem done
Event: 3.485 Loading class javax/swing/JMenu done
Event: 24.908 Loading class java/security/DomainCombiner
Event: 24.908 Loading class java/security/DomainCombiner done
Event: 61.383 Loading class sun/lwawt/macosx/NSEvent
Event: 61.383 Loading class sun/lwawt/macosx/NSEvent done
Event: 61.385 Loading class java/awt/event/MouseEvent$1
Event: 61.385 Loading class sun/awt/AWTAccessor$MouseEventAccessor
Event: 61.385 Loading class sun/awt/AWTAccessor$MouseEventAccessor done
Event: 61.385 Loading class java/awt/event/MouseEvent$1 done
Event: 61.385 Loading class sun/lwawt/LWCursorManager$1
Event: 61.385 Loading class sun/lwawt/LWCursorManager$1 done
Event: 61.385 Loading class sun/lwawt/macosx/CCustomCursor
Event: 61.385 Loading class sun/lwawt/macosx/CCustomCursor done
Event: 87.831 Loading class java/awt/image/BufferedImageOp
Event: 87.831 Loading class java/awt/image/BufferedImageOp done

Classes unloaded (0 events):
No events

Classes redefined (0 events):
No events

Internal exceptions (20 events):
Event: 0.115 Thread 0x00007fb677008800 Exception <a 'java/lang/ClassNotFoundException'{0x000000070fc181e0}: sun/awt/resources/spi/awtosxProvider> (0x000000070fc181e0) 
thrown [open/src/hotspot/share/classfile/systemDictionary.cpp, line 313]
Event: 0.319 Thread 0x00007fb677008800 Exception <a 'java/lang/NoSuchMethodError'{0x000000070fc5ce18}: 'void java.lang.invoke.DirectMethodHandle$Holder.invokeSpecial(java.lang.Object, java.lang.Object, java.lang.Object)'> (0x000000070fc5ce18) 
thrown [open/src/hotspot/share/interpreter/linkResolver.cpp, line 796]
Event: 0.327 Thread 0x00007fb677008800 Exception <a 'java/lang/NoSuchMethodError'{0x000000070fc734d0}: 'void java.lang.invoke.DirectMethodHandle$Holder.invokeStaticInit(java.lang.Object)'> (0x000000070fc734d0) 
thrown [open/src/hotspot/share/interpreter/linkResolver.cpp, line 796]
Event: 0.343 Thread 0x00007fb677008800 Exception <a 'java/lang/NoSuchMethodError'{0x000000070fdb6078}: 'java.lang.Object java.lang.invoke.DirectMethodHandle$Holder.invokeStatic(java.lang.Object, int, java.lang.Object)'> (0x000000070fdb6078) 
thrown [open/src/hotspot/share/interpreter/linkResolver.cpp, line 796]
Event: 0.347 Thread 0x00007fb677008800 Exception <a 'java/lang/ClassNotFoundException'{0x000000070fde3380}: com/apple/laf/resources/spi/aquaProvider> (0x000000070fde3380) 
thrown [open/src/hotspot/share/classfile/systemDictionary.cpp, line 313]
Event: 0.366 Thread 0x00007fb677008800 Exception <a 'java/lang/ClassNotFoundException'{0x000000070fa4ac48}: com/sun/swing/internal/plaf/basic/resources/spi/basicProvider> (0x000000070fa4ac48) 
thrown [open/src/hotspot/share/classfile/systemDictionary.cpp, line 313]
Event: 0.375 Thread 0x00007fb677008800 Exception <a 'java/lang/NoSuchMethodError'{0x000000070fa6caa8}: 'int java.lang.invoke.Invokers$Holder.invokeExact_MT(java.lang.Object, java.lang.Object)'> (0x000000070fa6caa8) 
thrown [open/src/hotspot/share/interpreter/linkResolver.cpp, line 796]
Event: 0.386 Thread 0x00007fb677008800 Exception <a 'java/lang/NoSuchMethodError'{0x000000070fa91f98}: 'void java.lang.invoke.Invokers$Holder.invokeExact_MT(java.lang.Object, java.lang.Object, java.lang.Object, java.lang.Object)'> (0x000000070fa91f98) 
thrown [open/src/hotspot/share/interpreter/linkResolver.cpp, line 796]
Event: 0.392 Thread 0x00007fb677008800 Exception <a 'java/lang/NoSuchMethodError'{0x000000070fa9dc40}: 'java.lang.Object java.lang.invoke.DirectMethodHandle$Holder.newInvokeSpecial(java.lang.Object, java.lang.Object, java.lang.Object, int, java.lang.Object)'> (0x000000070fa9dc40) 
thrown [open/src/hotspot/share/interpreter/linkResolver.cpp, line 796]
Event: 0.393 Thread 0x00007fb677008800 Exception <a 'java/lang/NoSuchMethodError'{0x000000070faa5158}: 'java.lang.Object java.lang.invoke.Invokers$Holder.linkToTargetMethod(java.lang.Object, java.lang.Object, int, java.lang.Object, java.lang.Object)'> (0x000000070faa5158) 
thrown [open/src/hotspot/share/interpreter/linkResolver.cpp, line 796]
Event: 0.421 Thread 0x00007fb677008800 Exception <a 'java/lang/NoSuchMethodError'{0x000000070faa9380}: 'void java.lang.invoke.DirectMethodHandle$Holder.invokeStatic(java.lang.Object, int, long)'> (0x000000070faa9380) 
thrown [open/src/hotspot/share/interpreter/linkResolver.cpp, line 796]
Event: 0.423 Thread 0x00007fb6760ff200 Exception <a 'java/lang/NoSuchMethodError'{0x000000070fb721d0}: 'void java.lang.invoke.DirectMethodHandle$Holder.invokeStatic(java.lang.Object, long)'> (0x000000070fb721d0) 
thrown [open/src/hotspot/share/interpreter/linkResolver.cpp, line 796]
Event: 0.435 Thread 0x00007fb677008800 Exception <a 'java/lang/NoSuchMethodError'{0x000000070faceba8}: 'java.lang.Object java.lang.invoke.Invokers$Holder.linkToTargetMethod(int, int, int, int, java.lang.Object)'> (0x000000070faceba8) 
thrown [open/src/hotspot/share/interpreter/linkResolver.cpp, line 796]
Event: 0.436 Thread 0x00007fb677008800 Exception <a 'java/lang/NoSuchMethodError'{0x000000070fad2320}: 'void java.lang.invoke.DirectMethodHandle$Holder.invokeStatic(java.lang.Object, java.lang.Object, long)'> (0x000000070fad2320) 
thrown [open/src/hotspot/share/interpreter/linkResolver.cpp, line 796]
Event: 0.447 Thread 0x00007fb67580e400 Exception <a 'java/lang/NoSuchMethodError'{0x000000070fcb5e48}: 'void java.lang.invoke.DirectMethodHandle$Holder.invokeSpecial(java.lang.Object, java.lang.Object, long)'> (0x000000070fcb5e48) 
thrown [open/src/hotspot/share/interpreter/linkResolver.cpp, line 796]
Event: 0.466 Thread 0x00007fb677008800 Exception <a 'java/lang/NoSuchMethodError'{0x000000070faeab00}: 'void java.lang.invoke.DirectMethodHandle$Holder.invokeStatic(java.lang.Object, long, long)'> (0x000000070faeab00) 
thrown [open/src/hotspot/share/interpreter/linkResolver.cpp, line 796]
Event: 0.466 Thread 0x00007fb677008800 Exception <a 'java/lang/NoSuchMethodError'{0x000000070faef990}: 'java.lang.Object java.lang.invoke.DirectMethodHandle$Holder.newInvokeSpecial(java.lang.Object, long)'> (0x000000070faef990) 
thrown [open/src/hotspot/share/interpreter/linkResolver.cpp, line 796]
Event: 0.467 Thread 0x00007fb677008800 Exception <a 'java/lang/NoSuchMethodError'{0x000000070f803638}: 'java.lang.Object java.lang.invoke.DirectMethodHandle$Holder.newInvokeSpecial(java.lang.Object, java.lang.Object, int)'> (0x000000070f803638) 
thrown [open/src/hotspot/share/interpreter/linkResolver.cpp, line 796]
Event: 68.649 Thread 0x00007fb677008800 Implicit null exception at 0x000000011f198bc4 to 0x000000011f198fa8
Event: 68.649 Thread 0x00007fb677008800 Implicit null exception at 0x000000011f1c5b32 to 0x000000011f1c5b8c

VM Operations (20 events):
Event: 34.176 Executing VM operation: G1CollectForAllocation (G1 Evacuation Pause)
Event: 34.179 Executing VM operation: G1CollectForAllocation (G1 Evacuation Pause) done
Event: 60.242 Executing VM operation: HandshakeAllThreads (HandshakeForDeflation)
Event: 60.242 Executing VM operation: HandshakeAllThreads (HandshakeForDeflation) done
Event: 60.242 Executing VM operation: RendezvousGCThreads
Event: 60.242 Executing VM operation: RendezvousGCThreads done
Event: 67.336 Executing VM operation: G1CollectForAllocation (G1 Evacuation Pause)
Event: 67.339 Executing VM operation: G1CollectForAllocation (G1 Evacuation Pause) done
Event: 120.445 Executing VM operation: HandshakeAllThreads (HandshakeForDeflation)
Event: 120.445 Executing VM operation: HandshakeAllThreads (HandshakeForDeflation) done
Event: 120.445 Executing VM operation: RendezvousGCThreads
Event: 120.445 Executing VM operation: RendezvousGCThreads done
Event: 142.487 Executing VM operation: G1CollectForAllocation (G1 Evacuation Pause)
Event: 142.488 Executing VM operation: G1CollectForAllocation (G1 Evacuation Pause) done
Event: 240.806 Executing VM operation: HandshakeAllThreads (HandshakeForDeflation)
Event: 240.806 Executing VM operation: HandshakeAllThreads (HandshakeForDeflation) done
Event: 240.806 Executing VM operation: RendezvousGCThreads
Event: 240.806 Executing VM operation: RendezvousGCThreads done
Event: 244.920 Executing VM operation: G1CollectForAllocation (G1 Evacuation Pause)
Event: 244.923 Executing VM operation: G1CollectForAllocation (G1 Evacuation Pause) done

Memory protections (18 events):
Event: 0.005 Protecting memory [0x00007000088e7000,0x00007000088eb000] with protection modes 0
Event: 0.031 Protecting memory [0x0000700009205000,0x0000700009209000] with protection modes 0
Event: 0.031 Protecting memory [0x0000700009308000,0x000070000930c000] with protection modes 0
Event: 0.031 Protecting memory [0x000070000940b000,0x000070000940f000] with protection modes 0
Event: 0.031 Protecting memory [0x000070000950e000,0x0000700009512000] with protection modes 0
Event: 0.031 Protecting memory [0x0000700009611000,0x0000700009615000] with protection modes 0
Event: 0.031 Protecting memory [0x0000700009714000,0x0000700009718000] with protection modes 0
Event: 0.031 Protecting memory [0x0000700009817000,0x000070000981b000] with protection modes 0
Event: 0.036 Protecting memory [0x000070000991a000,0x000070000991e000] with protection modes 0
Event: 0.038 Protecting memory [0x0000700009a1d000,0x0000700009a21000] with protection modes 0
Event: 0.120 Protecting memory [0x00007ff7b693c000,0x00007ff7b6940000] with protection modes 0
Event: 0.197 Protecting memory [0x0000700009b20000,0x0000700009b24000] with protection modes 0
Event: 0.301 Protecting memory [0x0000700009f35000,0x0000700009f39000] with protection modes 0
Event: 0.303 Protecting memory [0x000070000a038000,0x000070000a03c000] with protection modes 0
Event: 0.381 Protecting memory [0x000070000a13b000,0x000070000a13f000] with protection modes 0
Event: 0.392 Protecting memory [0x000070000a23e000,0x000070000a242000] with protection modes 0
Event: 68.649 Protecting memory [0x00007000088e7000,0x00007000088eb000] with protection modes 3
Event: 68.649 Protecting memory [0x00007000088e7000,0x00007000088eb000] with protection modes 0

Nmethod flushes (0 events):
No events

Events (18 events):
Event: 0.016 Thread 0x00007fb677008800 Thread added: 0x00007fb677008800
Event: 0.031 Thread 0x00007fb677008800 Thread added: 0x00007fb676017400
Event: 0.031 Thread 0x00007fb677008800 Thread added: 0x00007fb676019e00
Event: 0.031 Thread 0x00007fb677008800 Thread added: 0x00007fb676015400
Event: 0.031 Thread 0x00007fb677008800 Thread added: 0x00007fb676015c00
Event: 0.031 Thread 0x00007fb677008800 Thread added: 0x00007fb676016400
Event: 0.031 Thread 0x00007fb677008800 Thread added: 0x00007fb676016c00
Event: 0.031 Thread 0x00007fb677008800 Thread added: 0x00007fb6770bc400
Event: 0.036 Thread 0x00007fb677008800 Thread added: 0x00007fb677819400
Event: 0.038 Thread 0x00007fb677008800 Thread added: 0x00007fb6770b2c00
Event: 0.120 Thread 0x00007fb67580e400 Thread added: 0x00007fb67580e400
Event: 0.197 Thread 0x00007fb67580e400 Thread added: 0x00007fb6758c0800
Event: 0.301 Thread 0x00007fb677008800 Thread added: 0x00007fb67715f000
Event: 0.303 Thread 0x00007fb677008800 Thread added: 0x00007fb67715f800
Event: 0.381 Thread 0x00007fb677008800 Thread added: 0x00007fb677169400
Event: 0.392 Thread 0x00007fb677169400 Thread added: 0x00007fb6760ff200
Event: 68.649 Thread 0x00007fb677008800 Thread exited: 0x00007fb677008800
Event: 68.649 Thread 0x00007fb677008800 Thread added: 0x00007fb677008800


Dynamic libraries:
0x0000000108ef5000 	/Applications/jGRASP.app/Contents/Resources/jgrasp/bundled/java/Contents/Home/lib/libjli.dylib
0x00007ff81af13000 	/usr/lib/libz.1.dylib
0x00007ff81aff3000 	/usr/lib/libSystem.B.dylib
0x00007ff81afee000 	/usr/lib/system/libcache.dylib
0x00007ff81afaa000 	/usr/lib/system/libcommonCrypto.dylib
0x00007ff81afd3000 	/usr/lib/system/libcompiler_rt.dylib
0x00007ff81afc9000 	/usr/lib/system/libcopyfile.dylib
0x00007ff80ff7c000 	/usr/lib/system/libcorecrypto.dylib
0x00007ff81003a000 	/usr/lib/system/libdispatch.dylib
0x00007ff8101fb000 	/usr/lib/system/libdyld.dylib
0x00007ff81afe5000 	/usr/lib/system/libkeymgr.dylib
0x00007ff81af88000 	/usr/lib/system/libmacho.dylib
0x00007ff81a609000 	/usr/lib/system/libquarantine.dylib
0x00007ff81afe3000 	/usr/lib/system/libremovefile.dylib
0x00007ff815194000 	/usr/lib/system/libsystem_asl.dylib
0x00007ff80ff25000 	/usr/lib/system/libsystem_blocks.dylib
0x00007ff8100bf000 	/usr/lib/system/libsystem_c.dylib
0x00007ff81afdb000 	/usr/lib/system/libsystem_collections.dylib
0x00007ff8198bd000 	/usr/lib/system/libsystem_configuration.dylib
0x00007ff818b66000 	/usr/lib/system/libsystem_containermanager.dylib
0x00007ff81acc0000 	/usr/lib/system/libsystem_coreservices.dylib
0x00007ff812832000 	/usr/lib/system/libsystem_darwin.dylib
0x00007ff81afe6000 	/usr/lib/system/libsystem_dnssd.dylib
0x00007ff8100bc000 	/usr/lib/system/libsystem_featureflags.dylib
0x00007ff810211000 	/usr/lib/system/libsystem_info.dylib
0x00007ff81af26000 	/usr/lib/system/libsystem_m.dylib
0x00007ff81000e000 	/usr/lib/system/libsystem_malloc.dylib
0x00007ff81512f000 	/usr/lib/system/libsystem_networkextension.dylib
0x00007ff812c5c000 	/usr/lib/system/libsystem_notify.dylib
0x00007ff82126a000 	/usr/lib/system/libsystem_product_info_filter.dylib
0x00007ff8198c1000 	/usr/lib/system/libsystem_sandbox.dylib
0x00007ff81afe0000 	/usr/lib/system/libsystem_secinit.dylib
0x00007ff8101b7000 	/usr/lib/system/libsystem_kernel.dylib
0x00007ff810207000 	/usr/lib/system/libsystem_platform.dylib
0x00007ff8101ef000 	/usr/lib/system/libsystem_pthread.dylib
0x00007ff8169e2000 	/usr/lib/system/libsystem_symptoms.dylib
0x00007ff80ff63000 	/usr/lib/system/libsystem_trace.dylib
0x00007ff81afb6000 	/usr/lib/system/libunwind.dylib
0x00007ff80ff27000 	/usr/lib/system/libxpc.dylib
0x00007ff8101a1000 	/usr/lib/libc++abi.dylib
0x00007ff810081000 	/usr/lib/libobjc.A.dylib
0x00007ff81afc1000 	/usr/lib/liboah.dylib
0x00007ff810148000 	/usr/lib/libc++.1.dylib
0x00007ff824d2b000 	/System/Library/Frameworks/ApplicationServices.framework/Versions/A/ApplicationServices
0x00007ff815563000 	/System/Library/Frameworks/CoreGraphics.framework/Versions/A/CoreGraphics
0x00007ff811921000 	/System/Library/Frameworks/CoreText.framework/Versions/A/CoreText
0x00007ff81927b000 	/System/Library/Frameworks/ImageIO.framework/Versions/A/ImageIO
0x00007ff815c2f000 	/System/Library/Frameworks/ColorSync.framework/Versions/A/ColorSync
0x00007ff81ddc4000 	/System/Library/Frameworks/ApplicationServices.framework/Versions/A/Frameworks/ATS.framework/Versions/A/ATS
0x00007ff821397000 	/System/Library/Frameworks/CoreServices.framework/Versions/A/CoreServices
0x00007ff815d2d000 	/System/Library/Frameworks/ApplicationServices.framework/Versions/A/Frameworks/HIServices.framework/Versions/A/HIServices
0x00007ff81ccce000 	/System/Library/Frameworks/ApplicationServices.framework/Versions/A/Frameworks/PrintCore.framework/Versions/A/PrintCore
0x00007ff81e152000 	/System/Library/Frameworks/ApplicationServices.framework/Versions/A/Frameworks/QD.framework/Versions/A/QD
0x00007ff81e14a000 	/System/Library/Frameworks/ApplicationServices.framework/Versions/A/Frameworks/ColorSyncLegacy.framework/Versions/A/ColorSyncLegacy
0x00007ff81ddb4000 	/System/Library/Frameworks/ApplicationServices.framework/Versions/A/Frameworks/SpeechSynthesis.framework/Versions/A/SpeechSynthesis
0x00007ff8151c4000 	/System/Library/PrivateFrameworks/SkyLight.framework/Versions/A/SkyLight
0x00007ff818e03000 	/System/Library/PrivateFrameworks/FontServices.framework/libFontParser.dylib
0x00007ff82162f000 	/System/Library/Frameworks/Accelerate.framework/Versions/A/Accelerate
0x00007ff818b83000 	/System/Library/Frameworks/IOSurface.framework/Versions/A/IOSurface
0x00007ff8179b6000 	/usr/lib/libxml2.2.dylib
0x00007ff814ca0000 	/System/Library/Frameworks/CFNetwork.framework/Versions/A/CFNetwork
0x00007ff81023c000 	/System/Library/Frameworks/CoreFoundation.framework/Versions/A/CoreFoundation
0x00007ff8110b9000 	/System/Library/Frameworks/Foundation.framework/Versions/C/Foundation
0x00007ff816916000 	/System/Library/PrivateFrameworks/RunningBoardServices.framework/Versions/A/RunningBoardServices
0x00007ff815147000 	/usr/lib/libMobileGestalt.dylib
0x00007ff827642000 	/System/Library/PrivateFrameworks/IOSurfaceAccelerator.framework/Versions/A/IOSurfaceAccelerator
0x00007ff81c5c8000 	/System/Library/PrivateFrameworks/WatchdogClient.framework/Versions/A/WatchdogClient
0x00007ff81b27d000 	/usr/lib/libcompression.dylib
0x00007ff816bd0000 	/usr/lib/libDiagnosticMessagesClient.dylib
0x00007ff810dcb000 	/System/Library/Frameworks/SystemConfiguration.framework/Versions/A/SystemConfiguration
0x00007ff811564000 	/System/Library/Frameworks/CoreDisplay.framework/Versions/A/CoreDisplay
0x00007ff818d01000 	/System/Library/Frameworks/CoreMedia.framework/Versions/A/CoreMedia
0x00007ff818b95000 	/System/Library/PrivateFrameworks/IOAccelerator.framework/Versions/A/IOAccelerator
0x00007ff812ba2000 	/System/Library/Frameworks/IOKit.framework/Versions/A/IOKit
0x00007ff818b9e000 	/System/Library/Frameworks/Metal.framework/Versions/A/Metal
0x00007ff817a9a000 	/System/Library/Frameworks/CoreVideo.framework/Versions/A/CoreVideo
0x00007ff81b275000 	/System/Library/Frameworks/MetalPerformanceShaders.framework/Versions/A/MetalPerformanceShaders
0x00007ff81c5cc000 	/System/Library/PrivateFrameworks/MultitouchSupport.framework/Versions/A/MultitouchSupport
0x00007ff812243000 	/System/Library/Frameworks/Security.framework/Versions/A/Security
0x00007ff81736d000 	/System/Library/Frameworks/QuartzCore.framework/Versions/A/QuartzCore
0x00007ff81a630000 	/usr/lib/libbsm.0.dylib
0x00007ff81aff9000 	/System/Library/PrivateFrameworks/SoftLinking.framework/Versions/A/SoftLinking
0x00007ff816ba2000 	/System/Library/PrivateFrameworks/CoreAnalytics.framework/Versions/A/CoreAnalytics
0x00007ff81c605000 	/System/Library/Frameworks/VideoToolbox.framework/Versions/A/VideoToolbox
0x00007ff816860000 	/System/Library/PrivateFrameworks/BaseBoard.framework/Versions/A/BaseBoard
0x00007ff817939000 	/System/Library/Frameworks/CoreServices.framework/Versions/A/Frameworks/FSEvents.framework/Versions/A/FSEvents
0x00007ff81283c000 	/System/Library/Frameworks/CoreServices.framework/Versions/A/Frameworks/CarbonCore.framework/Versions/A/CarbonCore
0x00007ff816c23000 	/System/Library/Frameworks/CoreServices.framework/Versions/A/Frameworks/Metadata.framework/Versions/A/Metadata
0x00007ff81acc5000 	/System/Library/Frameworks/CoreServices.framework/Versions/A/Frameworks/OSServices.framework/Versions/A/OSServices
0x00007ff81b1bc000 	/System/Library/Frameworks/CoreServices.framework/Versions/A/Frameworks/SearchKit.framework/Versions/A/SearchKit
0x00007ff81696c000 	/System/Library/Frameworks/CoreServices.framework/Versions/A/Frameworks/AE.framework/Versions/A/AE
0x00007ff81073f000 	/System/Library/Frameworks/CoreServices.framework/Versions/A/Frameworks/LaunchServices.framework/Versions/A/LaunchServices
0x00007ff81b6f8000 	/System/Library/Frameworks/CoreServices.framework/Versions/A/Frameworks/DictionaryServices.framework/Versions/A/DictionaryServices
0x00007ff817946000 	/System/Library/Frameworks/CoreServices.framework/Versions/A/Frameworks/SharedFileList.framework/Versions/A/SharedFileList
0x00007ff81b247000 	/usr/lib/libapple_nghttp2.dylib
0x00007ff81259e000 	/usr/lib/libicucore.A.dylib
0x00007ff8142af000 	/usr/lib/libnetwork.dylib
0x00007ff816601000 	/usr/lib/libsqlite3.dylib
0x00007ff81aff5000 	/usr/lib/libfakelink.dylib
0x00007ff815146000 	/usr/lib/libenergytrace.dylib
0x00007ff81af8e000 	/usr/lib/system/libkxld.dylib
0x00007ffb28997000 	/usr/lib/libCoreEntitlements.dylib
0x00007ff81aca2000 	/System/Library/PrivateFrameworks/AppleFSCompression.framework/Versions/A/AppleFSCompression
0x00007ff81a618000 	/usr/lib/libcoretls.dylib
0x00007ff81b761000 	/usr/lib/libcoretls_cfhelpers.dylib
0x00007ff81b277000 	/usr/lib/libpam.2.dylib
0x00007ff81b7d0000 	/usr/lib/libxar.1.dylib
0x00007ff81796e000 	/System/Library/PrivateFrameworks/CoreAutoLayout.framework/Versions/A/CoreAutoLayout
0x00007ff816cbf000 	/System/Library/Frameworks/DiskArbitration.framework/Versions/A/DiskArbitration
0x00007ff81b136000 	/usr/lib/libarchive.2.dylib
0x00007ff8198cd000 	/usr/lib/liblangid.dylib
0x00007ff8198c9000 	/System/Library/PrivateFrameworks/AppleSystemInfo.framework/Versions/A/AppleSystemInfo
0x00007ff81a263000 	/System/Library/PrivateFrameworks/IOMobileFramebuffer.framework/Versions/A/IOMobileFramebuffer
0x00007ff81affa000 	/usr/lib/libpcap.A.dylib
0x00007ff8169da000 	/usr/lib/libdns_services.dylib
0x00007ff81b747000 	/usr/lib/liblzma.5.dylib
0x00007ff81acb2000 	/usr/lib/libbz2.1.0.dylib
0x00007ff81b034000 	/usr/lib/libiconv.2.dylib
0x00007ff81af87000 	/usr/lib/libcharset.1.dylib
0x00007ff81a60c000 	/usr/lib/libCheckFix.dylib
0x00007ff8151ab000 	/System/Library/PrivateFrameworks/TCC.framework/Versions/A/TCC
0x00007ff8198cf000 	/System/Library/PrivateFrameworks/CoreNLP.framework/Versions/A/CoreNLP
0x00007ff816bd3000 	/System/Library/PrivateFrameworks/MetadataUtilities.framework/Versions/A/MetadataUtilities
0x00007ff810e7c000 	/usr/lib/libmecabra.dylib
0x00007ff81a640000 	/usr/lib/libmecab.dylib
0x00007ff810e47000 	/usr/lib/libCRFSuite.dylib
0x00007ff81a69a000 	/usr/lib/libgermantok.dylib
0x00007ff81b222000 	/usr/lib/libThaiTokenizer.dylib
0x00007ff816cc6000 	/System/Library/Frameworks/Accelerate.framework/Versions/A/Frameworks/vImage.framework/Versions/A/vImage
0x00007ff82136e000 	/System/Library/Frameworks/Accelerate.framework/Versions/A/Frameworks/vecLib.framework/Versions/A/vecLib
0x00007ff81b811000 	/System/Library/Frameworks/Accelerate.framework/Versions/A/Frameworks/vecLib.framework/Versions/A/libvMisc.dylib
0x00007ff81a08e000 	/System/Library/Frameworks/Accelerate.framework/Versions/A/Frameworks/vecLib.framework/Versions/A/libvDSP.dylib
0x00007ff810abb000 	/System/Library/Frameworks/Accelerate.framework/Versions/A/Frameworks/vecLib.framework/Versions/A/libBLAS.dylib
0x00007ff81b35a000 	/System/Library/Frameworks/Accelerate.framework/Versions/A/Frameworks/vecLib.framework/Versions/A/libLAPACK.dylib
0x00007ff81a69d000 	/System/Library/Frameworks/Accelerate.framework/Versions/A/Frameworks/vecLib.framework/Versions/A/libLinearAlgebra.dylib
0x00007ff81b25f000 	/System/Library/Frameworks/Accelerate.framework/Versions/A/Frameworks/vecLib.framework/Versions/A/libSparseBLAS.dylib
0x00007ff81b354000 	/System/Library/Frameworks/Accelerate.framework/Versions/A/Frameworks/vecLib.framework/Versions/A/libQuadrature.dylib
0x00007ff8199ba000 	/System/Library/Frameworks/Accelerate.framework/Versions/A/Frameworks/vecLib.framework/Versions/A/libBNNS.dylib
0x00007ff810d55000 	/System/Library/Frameworks/Accelerate.framework/Versions/A/Frameworks/vecLib.framework/Versions/A/libSparse.dylib
0x00007ff8199b3000 	/System/Library/PrivateFrameworks/LinguisticData.framework/Versions/A/LinguisticData
0x00007ff810d0b000 	/System/Library/PrivateFrameworks/Lexicon.framework/Versions/A/Lexicon
0x00007ff81b80a000 	/usr/lib/libChineseTokenizer.dylib
0x00007ff811476000 	/System/Library/PrivateFrameworks/LanguageModeling.framework/Versions/A/LanguageModeling
0x00007ff81b224000 	/System/Library/PrivateFrameworks/AppleSauce.framework/Versions/A/AppleSauce
0x00007ff81a251000 	/System/Library/PrivateFrameworks/CoreEmoji.framework/Versions/A/CoreEmoji
0x00007ff81b125000 	/usr/lib/libcmph.dylib
0x00007ff81791d000 	/System/Library/Frameworks/OpenDirectory.framework/Versions/A/Frameworks/CFOpenDirectory.framework/Versions/A/CFOpenDirectory
0x00007ff817911000 	/System/Library/Frameworks/OpenDirectory.framework/Versions/A/OpenDirectory
0x00007ff81b763000 	/System/Library/PrivateFrameworks/APFS.framework/Versions/A/APFS
0x00007ff81a567000 	/System/Library/Frameworks/SecurityFoundation.framework/Versions/A/SecurityFoundation
0x00007ff81b7de000 	/usr/lib/libutil.dylib
0x00007ff812b66000 	/System/Library/PrivateFrameworks/CoreServicesStore.framework/Versions/A/CoreServicesStore
0x00007ff81796b000 	/usr/lib/libapp_launch_measurement.dylib
0x00007ff81b7e2000 	/usr/lib/libxslt.1.dylib
0x00007ff81a5f4000 	/System/Library/PrivateFrameworks/BackgroundTaskManagement.framework/Versions/A/BackgroundTaskManagement
0x00007ff8165e7000 	/System/Library/PrivateFrameworks/ProtocolBuffer.framework/Versions/A/ProtocolBuffer
0x00007ff81b96b000 	/usr/lib/libate.dylib
0x00007ff81cc56000 	/System/Library/Frameworks/ImageIO.framework/Versions/A/Resources/libRadiance.dylib
0x00007ff81cc5f000 	/System/Library/Frameworks/ImageIO.framework/Versions/A/Resources/libJPEG.dylib
0x00007ff81cbab000 	/System/Library/Frameworks/ImageIO.framework/Versions/A/Resources/libPng.dylib
0x00007ff81cbcc000 	/System/Library/Frameworks/ImageIO.framework/Versions/A/Resources/libTIFF.dylib
0x00007ff81ccbf000 	/System/Library/Frameworks/ImageIO.framework/Versions/A/Resources/libGIF.dylib
0x00007ff81c4e5000 	/System/Library/Frameworks/ImageIO.framework/Versions/A/Resources/libJP2.dylib
0x00007ff81bc20000 	/usr/lib/libexpat.1.dylib
0x00007ff81c49a000 	/System/Library/PrivateFrameworks/AppleJPEG.framework/Versions/A/AppleJPEG
0x00007ff81cc4f000 	/System/Library/PrivateFrameworks/GPUWrangler.framework/Versions/A/GPUWrangler
0x00007ff81cc33000 	/System/Library/PrivateFrameworks/IOPresentment.framework/Versions/A/IOPresentment
0x00007ff81cc59000 	/System/Library/PrivateFrameworks/DSExternalDisplay.framework/Versions/A/DSExternalDisplay
0x00007ffa28fd5000 	/System/Library/Frameworks/OpenGL.framework/Versions/A/Libraries/libCoreFSCache.dylib
0x00007ffb160aa000 	/System/Library/PrivateFrameworks/GPUCompiler.framework/Versions/31001/Libraries/libGPUCompilerUtils.dylib
0x00007ff81ccc4000 	/System/Library/PrivateFrameworks/CMCaptureCore.framework/Versions/A/CMCaptureCore
0x00007ff81c1db000 	/usr/lib/libspindump.dylib
0x00007ff811b0d000 	/System/Library/Frameworks/CoreAudio.framework/Versions/A/CoreAudio
0x00007ff81c1c9000 	/System/Library/PrivateFrameworks/AppServerSupport.framework/Versions/A/AppServerSupport
0x00007ff81e492000 	/System/Library/PrivateFrameworks/perfdata.framework/Versions/A/perfdata
0x00007ff811690000 	/System/Library/PrivateFrameworks/AudioToolboxCore.framework/Versions/A/AudioToolboxCore
0x00007ff818cdf000 	/System/Library/PrivateFrameworks/caulk.framework/Versions/A/caulk
0x00007ff81dda4000 	/usr/lib/libAudioStatistics.dylib
0x00007ff915a98000 	/System/Library/PrivateFrameworks/SystemPolicy.framework/Versions/A/SystemPolicy
0x00007ff81dfff000 	/usr/lib/libSMC.dylib
0x00007ff826f3a000 	/System/Library/Frameworks/CoreMIDI.framework/Versions/A/CoreMIDI
0x00007ff81cb7a000 	/usr/lib/libAudioToolboxUtility.dylib
0x00007ff911cb8000 	/System/Library/PrivateFrameworks/OSAServicesClient.framework/Versions/A/OSAServicesClient
0x00007ff81e49f000 	/usr/lib/libperfcheck.dylib
0x00007ff916549000 	/usr/lib/libmis.dylib
0x00007ffa28fe1000 	/System/Library/Frameworks/OpenGL.framework/Versions/A/OpenGL
0x00007ffa29030000 	/System/Library/Frameworks/OpenGL.framework/Versions/A/Libraries/libGLU.dylib
0x00007ffa28ff4000 	/System/Library/Frameworks/OpenGL.framework/Versions/A/Libraries/libGFXShared.dylib
0x00007ffa291fd000 	/System/Library/Frameworks/OpenGL.framework/Versions/A/Libraries/libGL.dylib
0x00007ffa28ffd000 	/System/Library/Frameworks/OpenGL.framework/Versions/A/Libraries/libGLImage.dylib
0x00007ffa28ff1000 	/System/Library/Frameworks/OpenGL.framework/Versions/A/Libraries/libCVMSPluginSupport.dylib
0x00007ffa28fdc000 	/System/Library/Frameworks/OpenGL.framework/Versions/A/Libraries/libCoreVMClient.dylib
0x00007ff81984b000 	/System/Library/Frameworks/MetalPerformanceShaders.framework/Versions/A/Frameworks/MPSCore.framework/Versions/A/MPSCore
0x00007ff81ac0d000 	/System/Library/Frameworks/MetalPerformanceShaders.framework/Versions/A/Frameworks/MPSImage.framework/Versions/A/MPSImage
0x00007ff81a6b3000 	/System/Library/Frameworks/MetalPerformanceShaders.framework/Versions/A/Frameworks/MPSNeuralNetwork.framework/Versions/A/MPSNeuralNetwork
0x00007ff81ab27000 	/System/Library/Frameworks/MetalPerformanceShaders.framework/Versions/A/Frameworks/MPSMatrix.framework/Versions/A/MPSMatrix
0x00007ff81a8e2000 	/System/Library/Frameworks/MetalPerformanceShaders.framework/Versions/A/Frameworks/MPSRayIntersector.framework/Versions/A/MPSRayIntersector
0x00007ff81ab5f000 	/System/Library/Frameworks/MetalPerformanceShaders.framework/Versions/A/Frameworks/MPSNDArray.framework/Versions/A/MPSNDArray
0x00007ffa2eab5000 	/System/Library/Frameworks/MetalPerformanceShaders.framework/Versions/A/Frameworks/MPSFunctions.framework/Versions/A/MPSFunctions
0x00007ff810997000 	/System/Library/PrivateFrameworks/MetalTools.framework/Versions/A/MetalTools
0x00007ff8198c7000 	/System/Library/PrivateFrameworks/AggregateDictionary.framework/Versions/A/AggregateDictionary
0x00007ff81ba02000 	/usr/lib/libIOReport.dylib
0x00007ff8194c3000 	/System/Library/Frameworks/CoreImage.framework/Versions/A/CoreImage
0x00007ffa2a60c000 	/System/Library/Frameworks/OpenCL.framework/Versions/A/OpenCL
0x00007ff81bd67000 	/System/Library/PrivateFrameworks/FaceCore.framework/Versions/A/FaceCore
0x00007ff81bd58000 	/System/Library/PrivateFrameworks/GraphVisualizer.framework/Versions/A/GraphVisualizer
0x00007ffb15fb5000 	/System/Library/PrivateFrameworks/FontServices.framework/Versions/A/FontServices
0x00007ff813dd9000 	/System/Library/Frameworks/UniformTypeIdentifiers.framework/Versions/A/UniformTypeIdentifiers
0x00007ff81c181000 	/System/Library/PrivateFrameworks/OTSVG.framework/Versions/A/OTSVG
0x00007ff817680000 	/System/Library/Frameworks/ApplicationServices.framework/Versions/A/Frameworks/ATS.framework/Versions/A/Resources/libFontRegistry.dylib
0x00007ff81c1d1000 	/System/Library/PrivateFrameworks/FontServices.framework/libhvf.dylib
0x00007ffb15fb6000 	/System/Library/PrivateFrameworks/FontServices.framework/libXTFontStaticRegistryData.dylib
0x00007ff81bbd0000 	/System/Library/PrivateFrameworks/AppleVA.framework/Versions/A/AppleVA
0x00007ff81cc8f000 	/System/Library/Frameworks/ApplicationServices.framework/Versions/A/Frameworks/ATSUI.framework/Versions/A/ATSUI
0x00007ff81e0df000 	/usr/lib/libcups.2.dylib
0x00007ff81e4ae000 	/System/Library/Frameworks/Kerberos.framework/Versions/A/Kerberos
0x00007ff81e4bd000 	/System/Library/Frameworks/GSS.framework/Versions/A/GSS
0x00007ff81de30000 	/usr/lib/libresolv.9.dylib
0x00007ff81c1e0000 	/System/Library/PrivateFrameworks/Heimdal.framework/Versions/A/Heimdal
0x00007ff8250bd000 	/System/Library/Frameworks/Kerberos.framework/Versions/A/Libraries/libHeimdalProxy.dylib
0x00007ff8169ea000 	/System/Library/Frameworks/Network.framework/Versions/A/Network
0x00007ff81bc3b000 	/usr/lib/libheimdal-asn1.dylib
0x00007ff81e508000 	/System/Library/PrivateFrameworks/CommonAuth.framework/Versions/A/CommonAuth
0x00007ff81dbf9000 	/System/Library/Frameworks/AudioToolbox.framework/Versions/A/AudioToolbox
0x00007ff81dd36000 	/System/Library/PrivateFrameworks/AudioSession.framework/Versions/A/AudioSession
0x00007ff81bccb000 	/System/Library/PrivateFrameworks/MediaExperience.framework/Versions/A/MediaExperience
0x00007ff81dbc8000 	/System/Library/PrivateFrameworks/AudioSession.framework/libSessionUtility.dylib
0x00007ff81e15e000 	/System/Library/PrivateFrameworks/AudioResourceArbitration.framework/Versions/A/AudioResourceArbitration
0x00007ff8221e1000 	/System/Library/PrivateFrameworks/PowerLog.framework/Versions/A/PowerLog
0x00007ff8161d0000 	/System/Library/Frameworks/CoreData.framework/Versions/A/CoreData
0x00007ff827087000 	/System/Library/Frameworks/Cocoa.framework/Versions/A/Cocoa
0x00007ff812cba000 	/System/Library/Frameworks/AppKit.framework/Versions/C/AppKit
0x00007ff813b4a000 	/System/Library/PrivateFrameworks/UIFoundation.framework/Versions/A/UIFoundation
0x00007ff820f6d000 	/System/Library/PrivateFrameworks/RemoteViewServices.framework/Versions/A/RemoteViewServices
0x00007ff819246000 	/System/Library/PrivateFrameworks/XCTTargetBootstrap.framework/Versions/A/XCTTargetBootstrap
0x00007ff81ce03000 	/System/Library/PrivateFrameworks/InternationalSupport.framework/Versions/A/InternationalSupport
0x00007ff81ce8d000 	/System/Library/PrivateFrameworks/UserActivity.framework/Versions/A/UserActivity
0x00007ff81924b000 	/System/Library/PrivateFrameworks/CoreSVG.framework/Versions/A/CoreSVG
0x00007ff81bc5a000 	/System/Library/PrivateFrameworks/IconServices.framework/Versions/A/IconServices
0x00007ff819232000 	/System/Library/PrivateFrameworks/DFRFoundation.framework/Versions/A/DFRFoundation
0x00007ff81ce0f000 	/System/Library/PrivateFrameworks/DataDetectorsCore.framework/Versions/A/DataDetectorsCore
0x00007ff919313000 	/System/Library/PrivateFrameworks/TextInput.framework/Versions/A/TextInput
0x00007ff818f3e000 	/System/Library/Frameworks/Carbon.framework/Versions/A/Frameworks/HIToolbox.framework/Versions/A/HIToolbox
0x00007ff820fa5000 	/System/Library/Frameworks/Carbon.framework/Versions/A/Frameworks/SpeechRecognition.framework/Versions/A/SpeechRecognition
0x00007ff8176cb000 	/System/Library/PrivateFrameworks/CoreUI.framework/Versions/A/CoreUI
0x00007ff817905000 	/System/Library/PrivateFrameworks/PerformanceAnalysis.framework/Versions/A/PerformanceAnalysis
0x00007ff81a52f000 	/System/Library/PrivateFrameworks/MobileKeyBag.framework/Versions/A/MobileKeyBag
0x00007ff81cd36000 	/System/Library/PrivateFrameworks/TextureIO.framework/Versions/A/TextureIO
0x00007ff81bc44000 	/System/Library/PrivateFrameworks/IconFoundation.framework/Versions/A/IconFoundation
0x00007ff820f95000 	/System/Library/PrivateFrameworks/SpeechRecognitionCore.framework/Versions/A/SpeechRecognitionCore
0x00007ffa1b244000 	/System/Library/CoreServices/Encodings/libTraditionalChineseConverter.dylib
0x000000010a14a000 	/Applications/jGRASP.app/Contents/Resources/jgrasp/bundled/java/Contents/Home/lib/server/libjvm.dylib
0x0000000108f2c000 	/Applications/jGRASP.app/Contents/Resources/jgrasp/bundled/java/Contents/Home/lib/libjimage.dylib
0x0000000108fae000 	/Applications/jGRASP.app/Contents/Resources/jgrasp/bundled/java/Contents/Home/lib/libjava.dylib
0x0000000109a58000 	/Applications/jGRASP.app/Contents/Resources/jgrasp/bundled/java/Contents/Home/lib/libnio.dylib
0x0000000109a78000 	/Applications/jGRASP.app/Contents/Resources/jgrasp/bundled/java/Contents/Home/lib/libnet.dylib
0x0000000109a90000 	/Applications/jGRASP.app/Contents/Resources/jgrasp/bundled/java/Contents/Home/lib/libzip.dylib
0x0000000109b4b000 	/Applications/jGRASP.app/Contents/Resources/jgrasp/bundled/java/Contents/Home/lib/libawt.dylib
0x00007ffa2ea1e000 	/System/Library/Frameworks/JavaRuntimeSupport.framework/Versions/A/JavaRuntimeSupport
0x00007ff9155bc000 	/System/Library/Frameworks/Carbon.framework/Versions/A/Carbon
0x00007ff82345c000 	/System/Library/PrivateFrameworks/CoreSymbolication.framework/Versions/A/CoreSymbolication
0x00007ff828a01000 	/System/Library/Frameworks/Carbon.framework/Versions/A/Frameworks/CommonPanels.framework/Versions/A/CommonPanels
0x00007ff824a92000 	/System/Library/Frameworks/Carbon.framework/Versions/A/Frameworks/Help.framework/Versions/A/Help
0x00007ff828a05000 	/System/Library/Frameworks/Carbon.framework/Versions/A/Frameworks/ImageCapture.framework/Versions/A/ImageCapture
0x00007ff8289d5000 	/System/Library/Frameworks/Carbon.framework/Versions/A/Frameworks/OpenScripting.framework/Versions/A/OpenScripting
0x00007ff8289fd000 	/System/Library/Frameworks/Carbon.framework/Versions/A/Frameworks/Ink.framework/Versions/A/Ink
0x00007ff9155b8000 	/System/Library/Frameworks/Carbon.framework/Versions/A/Frameworks/Print.framework/Versions/A/Print
0x00007ff8289f9000 	/System/Library/Frameworks/Carbon.framework/Versions/A/Frameworks/SecurityHI.framework/Versions/A/SecurityHI
0x00007ff823421000 	/System/Library/PrivateFrameworks/DebugSymbols.framework/Versions/A/DebugSymbols
0x0000000109d38000 	/Applications/jGRASP.app/Contents/Resources/jgrasp/bundled/java/Contents/Home/lib/libawt_lwawt.dylib
0x0000000109ad5000 	/Applications/jGRASP.app/Contents/Resources/jgrasp/bundled/java/Contents/Home/lib/libosxapp.dylib
0x00007ff914886000 	/System/Library/Frameworks/ExceptionHandling.framework/Versions/A/ExceptionHandling
0x0000000109fac000 	/Applications/jGRASP.app/Contents/Resources/jgrasp/bundled/java/Contents/Home/lib/libfontmanager.dylib
0x0000000109e6c000 	/Applications/jGRASP.app/Contents/Resources/jgrasp/bundled/java/Contents/Home/lib/libfreetype.dylib
0x00007ff812b28000 	/System/Library/PrivateFrameworks/CoreServicesInternal.framework/Versions/A/CoreServicesInternal
0x00007ff8227d2000 	/System/Library/Frameworks/FileProvider.framework/Versions/A/FileProvider
0x00007ff8167cd000 	/System/Library/Frameworks/Accounts.framework/Versions/A/Accounts
0x00007ff82294b000 	/System/Library/PrivateFrameworks/GenerationalStorage.framework/Versions/A/GenerationalStorage
0x00007ff8221d6000 	/System/Library/PrivateFrameworks/SymptomDiagnosticReporter.framework/Versions/A/SymptomDiagnosticReporter
0x00007ff813ded000 	/System/Library/PrivateFrameworks/DesktopServicesPriv.framework/Versions/A/DesktopServicesPriv
0x00007ff812c6b000 	/usr/lib/libsandbox.1.dylib
0x00007ff817b19000 	/System/Library/PrivateFrameworks/UserManagement.framework/Versions/A/UserManagement
0x00007ff81e13f000 	/System/Library/PrivateFrameworks/NetAuth.framework/Versions/A/NetAuth
0x00007ff81f04e000 	/System/Library/PrivateFrameworks/Sharing.framework/Versions/A/Sharing
0x00007ff817aec000 	/System/Library/PrivateFrameworks/login.framework/Versions/A/Frameworks/loginsupport.framework/Versions/A/loginsupport
0x00007ff8245c0000 	/System/Library/PrivateFrameworks/Apple80211.framework/Versions/A/Apple80211
0x00007ff81acf2000 	/System/Library/PrivateFrameworks/AuthKit.framework/Versions/A/AuthKit
0x00007ff81a347000 	/System/Library/PrivateFrameworks/CoreUtils.framework/Versions/A/CoreUtils
0x00007ff81a26e000 	/System/Library/Frameworks/CoreWLAN.framework/Versions/A/CoreWLAN
0x00007ff81f1ad000 	/System/Library/Frameworks/IOBluetooth.framework/Versions/A/IOBluetooth
0x00007ff824628000 	/System/Library/PrivateFrameworks/CoreWiFi.framework/Versions/A/CoreWiFi
0x00007ff822ff5000 	/System/Library/PrivateFrameworks/FrontBoardServices.framework/Versions/A/FrontBoardServices
0x00007ff823086000 	/System/Library/PrivateFrameworks/BoardServices.framework/Versions/A/BoardServices
0x00007ff81a556000 	/System/Library/PrivateFrameworks/AssertionServices.framework/Versions/A/AssertionServices
0x00007ff8247ab000 	/System/Library/PrivateFrameworks/BackBoardServices.framework/Versions/A/BackBoardServices
0x00007ff81e599000 	/System/Library/PrivateFrameworks/CorePhoneNumbers.framework/Versions/A/CorePhoneNumbers
0x00007ff81de5d000 	/System/Library/PrivateFrameworks/MultiverseSupport.framework/Versions/A/MultiverseSupport
0x00007ff824a1f000 	/System/Library/PrivateFrameworks/RemoteServiceDiscovery.framework/Versions/A/RemoteServiceDiscovery
0x00007ff8222f3000 	/System/Library/PrivateFrameworks/DiskManagement.framework/Versions/A/DiskManagement
0x00007ff822207000 	/System/Library/PrivateFrameworks/AppleIDAuthSupport.framework/Versions/A/AppleIDAuthSupport
0x00007ffb10931000 	/System/Library/PrivateFrameworks/AAAFoundation.framework/Versions/A/AAAFoundation
0x00007ff81e57a000 	/System/Library/PrivateFrameworks/KeychainCircle.framework/Versions/A/KeychainCircle
0x00007ff824a2f000 	/System/Library/PrivateFrameworks/RemoteXPC.framework/Versions/A/RemoteXPC
0x00007ff8222bf000 	/System/Library/PrivateFrameworks/MediaKit.framework/Versions/A/MediaKit
0x00007ff822213000 	/System/Library/Frameworks/DiscRecording.framework/Versions/A/DiscRecording
0x00007ff81bb48000 	/usr/lib/libCoreStorage.dylib
0x00007ff824a9a000 	/usr/lib/libcsfde.dylib
0x00007ff81f27a000 	/System/Library/PrivateFrameworks/ProtectedCloudStorage.framework/Versions/A/ProtectedCloudStorage
0x00007ff824a96000 	/System/Library/PrivateFrameworks/EFILogin.framework/Versions/A/EFILogin
0x00007ff822971000 	/System/Library/PrivateFrameworks/OctagonTrust.framework/Versions/A/OctagonTrust
0x00007ffb15219000 	/System/Library/PrivateFrameworks/CoreUtilsExtras.framework/Versions/A/CoreUtilsExtras
0x00007ff82213a000 	/System/Library/Frameworks/CoreBluetooth.framework/Versions/A/CoreBluetooth
0x00007ff825142000 	/System/Library/Frameworks/AudioUnit.framework/Versions/A/AudioUnit
0x00007ff81bb40000 	/usr/lib/libMatch.1.dylib
0x00007ff91d349000 	/System/Library/CoreServices/RawCamera.bundle/Contents/MacOS/RawCamera
0x00007ff81e518000 	/System/Library/PrivateFrameworks/MobileAsset.framework/Versions/A/MobileAsset
0x00007ff825169000 	/System/Library/PrivateFrameworks/StreamingZip.framework/Versions/A/StreamingZip
0x00007ffb1250d000 	/System/Library/PrivateFrameworks/CMPhoto.framework/Versions/A/CMPhoto
0x00007ff8232f7000 	/System/Library/PrivateFrameworks/AppleVPA.framework/Versions/A/AppleVPA
0x00007ff81cef8000 	/System/Library/Frameworks/MediaToolbox.framework/Versions/A/MediaToolbox
0x00007ff8227a2000 	/System/Library/PrivateFrameworks/CoreAVCHD.framework/Versions/A/CoreAVCHD
0x00007ff821677000 	/System/Library/Frameworks/MediaAccessibility.framework/Versions/A/MediaAccessibility
0x00007ff82279e000 	/System/Library/PrivateFrameworks/Mangrove.framework/Versions/A/Mangrove
0x00007ff821682000 	/System/Library/PrivateFrameworks/AlgosScoreFramework.framework/Versions/A/AlgosScoreFramework
0x00007ff8223e3000 	/System/Library/PrivateFrameworks/CoreAUC.framework/Versions/A/CoreAUC
0x00007ff91ab72000 	/System/Library/Frameworks/Accelerate.framework/Versions/A/Frameworks/vImage.framework/Versions/A/Libraries/libCGInterfaces.dylib
0x0000000109d16000 	/usr/lib/libobjc-trampolines.dylib
0x00007ff817811000 	/System/Library/PrivateFrameworks/ViewBridge.framework/Versions/A/ViewBridge
0x00007ffa20505000 	/System/Library/Extensions/AppleIntelHD5000GraphicsMTLDriver.bundle/Contents/MacOS/AppleIntelHD5000GraphicsMTLDriver
0x00007ff916564000 	/System/Library/PrivateFrameworks/GPURawCounter.framework/Versions/A/GPURawCounter
0x000000010a125000 	/Applications/jGRASP.app/Contents/Resources/jgrasp/bundled/java/Contents/Home/lib/libosxui.dylib
0x00007ff81c298000 	/System/Library/PrivateFrameworks/login.framework/Versions/A/login
0x00007ffb28a86000 	/usr/lib/libRosetta.dylib


VM Arguments:
java_command: Lab09.Driver09
java_class_path (initial): :.:/Users/ianliu/Documents/GitHub/Java_Course_v1122/FCPS_eUnits/SetupFiles/karel2_c.jar:/Users/ianliu/Documents/GitHub/Java_Course_v1122/FCPS_eUnits/SetupFiles/xercesImpl.jar::/Applications/jGRASP.app/Contents/Resources/jgrasp/extensions/classes
Launcher Type: SUN_STANDARD

[Global flags]
     intx CICompilerCount                          = 4                                         {product} {ergonomic}
     uint ConcGCThreads                            = 2                                         {product} {ergonomic}
     uint G1ConcRefinementThreads                  = 8                                         {product} {ergonomic}
   size_t G1HeapRegionSize                         = 2097152                                   {product} {ergonomic}
   size_t InitialHeapSize                          = 268435456                                 {product} {ergonomic}
   size_t MarkStackSize                            = 4194304                                   {product} {ergonomic}
   size_t MarkStackSizeMax                         = 536870912                                 {product} {ergonomic}
   size_t MaxHeapSize                              = 4294967296                                {product} {ergonomic}
   size_t MaxNewSize                               = 2575302656                                {product} {ergonomic}
   size_t MinHeapDeltaBytes                        = 2097152                                   {product} {ergonomic}
   size_t MinHeapSize                              = 8388608                                   {product} {ergonomic}
    uintx NonNMethodCodeHeapSize                   = 5836800                                {pd product} {ergonomic}
    uintx NonProfiledCodeHeapSize                  = 122912768                              {pd product} {ergonomic}
    uintx ProfiledCodeHeapSize                     = 122908672                              {pd product} {ergonomic}
    uintx ReservedCodeCacheSize                    = 251658240                              {pd product} {ergonomic}
     bool SegmentedCodeCache                       = true                                      {product} {ergonomic}
   size_t SoftMaxHeapSize                          = 4294967296                             {manageable} {ergonomic}
     bool UseCompressedOops                        = true                           {product lp64_product} {ergonomic}
     bool UseG1GC                                  = true                                      {product} {ergonomic}
     bool UseNUMA                                  = false                                     {product} {ergonomic}
     bool UseNUMAInterleaving                      = false                                     {product} {ergonomic}

Logging:
Log output configuration:
 #0: stdout all=warning uptime,level,tags foldmultilines=false
 #1: stderr all=off uptime,level,tags foldmultilines=false

Environment Variables:
CLASSPATH=:.:/Users/ianliu/Documents/GitHub/Java_Course_v1122/FCPS_eUnits/SetupFiles/karel2_c.jar:/Users/ianliu/Documents/GitHub/Java_Course_v1122/FCPS_eUnits/SetupFiles/xercesImpl.jar::/Applications/jGRASP.app/Contents/Resources/jgrasp/extensions/classes
PATH=:/Applications/jGRASP.app/Contents/resources/jgrasp/bundled/java/Contents/Home/bin:/usr/bin:/bin:/usr/sbin:/sbin
SHELL=/bin/zsh
TMPDIR=/var/folders/q8/zwpt2smn5zx74r3p57r_g4_m0000gn/T/

Active Locale:
LC_ALL=C
LC_COLLATE=C
LC_CTYPE=C
LC_MESSAGES=C
LC_MONETARY=C
LC_NUMERIC=C
LC_TIME=C

Signal Handlers:
   SIGSEGV: crash_handler in libjvm.dylib, mask=11100110000111110111111111111111, flags=SA_ONSTACK|SA_RESTART|SA_SIGINFO, unblocked
    SIGBUS: crash_handler in libjvm.dylib, mask=11100110000111110111111111111111, flags=SA_RESTART|SA_SIGINFO, unblocked
    SIGFPE: crash_handler in libjvm.dylib, mask=11100110000111110111111111111111, flags=SA_RESTART|SA_SIGINFO, unblocked
   SIGPIPE: javaSignalHandler in libjvm.dylib, mask=11100110000111110111111111111111, flags=SA_RESTART|SA_SIGINFO, blocked
   SIGXFSZ: javaSignalHandler in libjvm.dylib, mask=11100110000111110111111111111111, flags=SA_RESTART|SA_SIGINFO, blocked
    SIGILL: crash_handler in libjvm.dylib, mask=11100110000111110111111111111111, flags=SA_RESTART|SA_SIGINFO, unblocked
   SIGUSR2: SR_handler in libjvm.dylib, mask=00000000000000000000000000000000, flags=SA_RESTART|SA_SIGINFO, blocked
    SIGHUP: UserHandler in libjvm.dylib, mask=11100110000111110111111111111111, flags=SA_RESTART|SA_SIGINFO, blocked
    SIGINT: UserHandler in libjvm.dylib, mask=11100110000111110111111111111111, flags=SA_RESTART|SA_SIGINFO, blocked
   SIGTERM: UserHandler in libjvm.dylib, mask=11100110000111110111111111111111, flags=SA_RESTART|SA_SIGINFO, blocked
   SIGQUIT: UserHandler in libjvm.dylib, mask=11100110000111110111111111111111, flags=SA_RESTART|SA_SIGINFO, blocked
   SIGTRAP: crash_handler in libjvm.dylib, mask=11100110000111110111111111111111, flags=SA_RESTART|SA_SIGINFO, unblocked


Periodic native trim disabled

---------------  S Y S T E M  ---------------

OS:
uname: Darwin 21.6.0 Darwin Kernel Version 21.6.0: Mon Jun 24 00:56:10 PDT 2024; root:xnu-8020.240.18.709.2~1/RELEASE_X86_64 x86_64
OS uptime: 55 days 8:24 hours
rlimit (soft/hard): STACK 8192k/65532k , CORE 0k/infinity , NPROC 2784/4176 , NOFILE 2147483647/infinity , AS infinity/infinity , CPU infinity/infinity , DATA infinity/infinity , FSIZE infinity/infinity , MEMLOCK infinity/infinity , RSS infinity/infinity
load average: 3.69 3.04 2.63

CPU: total 8 (initial active 8) (4 cores per cpu, 2 threads per core) family 6 model 70 stepping 1 microcode 0x1c, cx8, cmov, fxsr, ht, mmx, sse, sse2, sse3, ssse3, sse4.1, sse4.2, popcnt, lzcnt, tsc, tscinvbit, avx, avx2, aes, erms, clmul, bmi1, bmi2, fma, vzeroupper, clflush, rdtscp, f16c
machdep.cpu.brand_string:Intel(R) Core(TM) i7-4770HQ CPU @ 2.20GHz
hw.cpufrequency:2200000000
hw.cpufrequency_min:2200000000
hw.cpufrequency_max:2200000000
hw.cachelinesize:64
hw.l1icachesize:32768
hw.l1dcachesize:32768
hw.l2cachesize:262144
hw.l3cachesize:6291456

Memory: 4k page, physical 16777216k(12688348k free), swap 3145728k(1146368k free)

vm_info: OpenJDK 64-Bit Server VM (23.0.1+11-39) for bsd-amd64 JRE (23.0.1+11-39), built on 2024-09-30T07:20:43Z with clang Apple LLVM 14.0.3 (clang-1403.0.22.14.1)

END.
